******************************************************************************
                  MSP430 Linker PC v4.2.1                      
******************************************************************************
>> Linked Mon Nov 25 15:24:06 2013

OUTPUT FILE NAME:   <SHEMP - 2.2 DNS.out>
ENTRY POINT SYMBOL: "_c_int00"  address: 00005cee


MEMORY CONFIGURATION

         name            origin    length      used     unused   attr    fill
----------------------  --------  ---------  --------  --------  ----  --------
  SFR                   00000000   00000010  00000000  00000010  RWIX
  PERIPHERALS_8BIT      00000010   000000f0  00000000  000000f0  RWIX
  PERIPHERALS_16BIT     00000100   00000100  00000000  00000100  RWIX
  INFOD                 00001800   00000080  00000000  00000080  RWIX
  INFOC                 00001880   00000080  00000000  00000080  RWIX
  INFOB                 00001900   00000080  00000000  00000080  RWIX
  INFOA                 00001980   00000080  00000000  00000080  RWIX
  RAM                   00001c00   00004000  00003ebe  00000142  RWIX
  FLASH                 00005c00   0000a380  000056af  00004cd1  RWIX
  INT00                 0000ff80   00000002  00000000  00000002  RWIX
  INT01                 0000ff82   00000002  00000000  00000002  RWIX
  INT02                 0000ff84   00000002  00000000  00000002  RWIX
  INT03                 0000ff86   00000002  00000000  00000002  RWIX
  INT04                 0000ff88   00000002  00000000  00000002  RWIX
  INT05                 0000ff8a   00000002  00000000  00000002  RWIX
  INT06                 0000ff8c   00000002  00000000  00000002  RWIX
  INT07                 0000ff8e   00000002  00000000  00000002  RWIX
  INT08                 0000ff90   00000002  00000000  00000002  RWIX
  INT09                 0000ff92   00000002  00000000  00000002  RWIX
  INT10                 0000ff94   00000002  00000000  00000002  RWIX
  INT11                 0000ff96   00000002  00000000  00000002  RWIX
  INT12                 0000ff98   00000002  00000000  00000002  RWIX
  INT13                 0000ff9a   00000002  00000000  00000002  RWIX
  INT14                 0000ff9c   00000002  00000000  00000002  RWIX
  INT15                 0000ff9e   00000002  00000000  00000002  RWIX
  INT16                 0000ffa0   00000002  00000000  00000002  RWIX
  INT17                 0000ffa2   00000002  00000000  00000002  RWIX
  INT18                 0000ffa4   00000002  00000000  00000002  RWIX
  INT19                 0000ffa6   00000002  00000000  00000002  RWIX
  INT20                 0000ffa8   00000002  00000000  00000002  RWIX
  INT21                 0000ffaa   00000002  00000000  00000002  RWIX
  INT22                 0000ffac   00000002  00000000  00000002  RWIX
  INT23                 0000ffae   00000002  00000000  00000002  RWIX
  INT24                 0000ffb0   00000002  00000000  00000002  RWIX
  INT25                 0000ffb2   00000002  00000000  00000002  RWIX
  INT26                 0000ffb4   00000002  00000000  00000002  RWIX
  INT27                 0000ffb6   00000002  00000000  00000002  RWIX
  INT28                 0000ffb8   00000002  00000000  00000002  RWIX
  INT29                 0000ffba   00000002  00000000  00000002  RWIX
  INT30                 0000ffbc   00000002  00000000  00000002  RWIX
  INT31                 0000ffbe   00000002  00000000  00000002  RWIX
  INT32                 0000ffc0   00000002  00000000  00000002  RWIX
  INT33                 0000ffc2   00000002  00000000  00000002  RWIX
  INT34                 0000ffc4   00000002  00000000  00000002  RWIX
  INT35                 0000ffc6   00000002  00000000  00000002  RWIX
  INT36                 0000ffc8   00000002  00000000  00000002  RWIX
  INT37                 0000ffca   00000002  00000000  00000002  RWIX
  INT38                 0000ffcc   00000002  00000000  00000002  RWIX
  INT39                 0000ffce   00000002  00000000  00000002  RWIX
  INT40                 0000ffd0   00000002  00000000  00000002  RWIX
  INT41                 0000ffd2   00000002  00000000  00000002  RWIX
  INT42                 0000ffd4   00000002  00000002  00000000  RWIX
  INT43                 0000ffd6   00000002  00000000  00000002  RWIX
  INT44                 0000ffd8   00000002  00000000  00000002  RWIX
  INT45                 0000ffda   00000002  00000000  00000002  RWIX
  INT46                 0000ffdc   00000002  00000000  00000002  RWIX
  INT47                 0000ffde   00000002  00000002  00000000  RWIX
  INT48                 0000ffe0   00000002  00000000  00000002  RWIX
  INT49                 0000ffe2   00000002  00000000  00000002  RWIX
  INT50                 0000ffe4   00000002  00000000  00000002  RWIX
  INT51                 0000ffe6   00000002  00000000  00000002  RWIX
  INT52                 0000ffe8   00000002  00000002  00000000  RWIX
  INT53                 0000ffea   00000002  00000000  00000002  RWIX
  INT54                 0000ffec   00000002  00000000  00000002  RWIX
  INT55                 0000ffee   00000002  00000002  00000000  RWIX
  INT56                 0000fff0   00000002  00000000  00000002  RWIX
  INT57                 0000fff2   00000002  00000000  00000002  RWIX
  INT58                 0000fff4   00000002  00000000  00000002  RWIX
  INT59                 0000fff6   00000002  00000000  00000002  RWIX
  INT60                 0000fff8   00000002  00000000  00000002  RWIX
  INT61                 0000fffa   00000002  00000000  00000002  RWIX
  INT62                 0000fffc   00000002  00000000  00000002  RWIX
  RESET                 0000fffe   00000002  00000002  00000000  RWIX
  FLASH2                00010000   00035c00  00000000  00035c00  RWIX


SECTION ALLOCATION MAP

 output                                  attributes/
section   page    origin      length       input sections
--------  ----  ----------  ----------   ----------------
.pinit     0    00005c00    00000000     UNINITIALIZED

.bss       0    00001c00    000023be     UNINITIALIZED
                  00001c00    00001794     shempserver.obj (.bss)
                  00003394    0000060a     html.obj (.bss)
                  0000399e    00000558     roving.obj (.bss)
                  00003ef6    00000042     wattage_sensor.obj (.bss)
                  00003f38    00000028     sensors.obj (.bss)
                  00003f60    00000018     time.obj (.bss)
                  00003f78    00000016     main.obj (.bss)
                  00003f8e    00000008     rts430x.lib : _lock.obj (.bss)
                  00003f96    00000008                 : boot.obj (.bss)
                  00003f9e    00000008                 : memory.obj (.bss)
                  00003fa6    00000007     leds.obj (.bss)
                  00003fad    00000001     --HOLE--
                  00003fae    00000006     audio_sensor.obj (.bss)
                  00003fb4    00000006     temperature_sensor.obj (.bss)
                  00003fba    00000004     light_sensor.obj (.bss)

.sysmem    0    00003fc0    00001800     UNINITIALIZED
                  00003fc0    00000004     rts430x.lib : memory.obj (.sysmem)
                  00003fc4    000017fc     --HOLE--

.stack     0    00005900    00000300     UNINITIALIZED
                  00005900    00000002     rts430x.lib : boot.obj (.stack)
                  00005902    000002fe     --HOLE--

.text:_isr 
*          0    00005c00    00000136     
                  00005c00    00000098     main.obj (.text:_isr:Port1GPIOHandler)
                  00005c98    00000056     main.obj (.text:_isr:Port2GPIOHandler)
                  00005cee    0000002a     rts430x.lib : boot.obj (.text:_isr:_c_int00_noexit)
                  00005d18    00000014     uart.obj (.text:_isr:USCI_A2_ISR)
                  00005d2c    0000000a     main.obj (.text:_isr:ADC12_ISR)

.cinit     0    00005d36    00000036     
                  00005d36    00000021     shempserver.obj (.cinit)
                  00005d57    00000001     --HOLE-- [fill = 0]
                  00005d58    0000000b     html.obj (.cinit)
                  00005d63    00000001     --HOLE-- [fill = 0]
                  00005d64    00000006     rts430x.lib : memory.obj (.cinit)
                  00005d6a    00000002     --HOLE-- [fill = 0]

.text      0    00005d6c    00004076     
                  00005d6c    00000366     roving.obj (.text:parse_string)
                  000060d2    0000032a     main.obj (.text:parse_shemp_command)
                  000063fc    000002ee     html.obj (.text:parse_http_request)
                  000066ea    000001f6     wattage_sensor.obj (.text:current_on_full)
                  000068e0    000001dc     main.obj (.text:main)
                  00006abc    000001cc     wattage_sensor.obj (.text:voltage_on_full)
                  00006c88    000001ac     time.obj (.text:write_time_to_string)
                  00006e34    00000192     shempserver.obj (.text:encode_data_and_old_data_for_transmit)
                  00006fc6    00000152     audio_sensor.obj (.text:create_audio_sensor)
                  00007118    00000152     shempserver.obj (.text:encode_data_for_transmit)
                  0000726a    0000014c     sensors.obj (.text:new_one_time_sensor)
                  000073b6    0000013a     temperature_sensor.obj (.text:create_temperature_sensor)
                  000074f0    0000012a     sensors.obj (.text:new_sensor)
                  0000761a    00000108     roving.obj (.text:alert_slaves)
                  00007722    00000102     leds.obj (.text:run_led_driver)
                  00007824    000000fe     roving.obj (.text:leave_setup_mode)
                  00007922    000000f0     wattage_sensor.obj (.text:calculate_wattage)
                  00007a12    000000d6     roving.obj (.text:do_setup)
                  00007ae8    000000d0     auxlib.obj (.text:write_int_to_string)
                  00007bb8    000000ca     hal_pmm.obj (.text:SetVCoreUp)
                  00007c82    000000c8     light_sensor.obj (.text:create_light_sensor)
                  00007d4a    000000b8     wattage_sensor.obj (.text:create_internal_wattage_sensor)
                  00007e02    000000ac     audio_sensor.obj (.text:detect_audio_use)
                  00007eae    000000ac     html.obj (.text:html_GET)
                  00007f5a    000000aa     sensors.obj (.text:sensor_delete)
                  00008004    000000a6     rts430x.lib : memory.obj (.text:malloc)
                  000080aa    000000a2     roving.obj (.text:handle_roving_input)
                  0000814c    0000009c     hal_pmm.obj (.text:SetVCoreDown)
                  000081e8    00000098     wattage_sensor.obj (.text:create_internal_current_sensor)
                  00008280    00000098     wattage_sensor.obj (.text:create_internal_voltage_sensor)
                  00008318    00000080     rts430x.lib : memory.obj (.text:free)
                  00008398    00000080     time.obj (.text:new_time_from_string)
                  00008418    0000006e     time.obj (.text:fix_time)
                  00008486    0000006e     wattage_sensor.obj (.text:init_internal_wattage_sensor)
                  000084f4    00000066     sensors.obj (.text:sample_enabled_sensors)
                  0000855a    00000064     time.obj (.text:time_set_to_sum)
                  000085be    0000005a     roving.obj (.text:store_uart_input)
                  00008618    00000058     rts430x.lib : div32u.obj (.text)
                  00008670    00000056     roving.obj (.text:add_to_slaves)
                  000086c6    00000056     time.obj (.text:time_tick)
                  0000871c    00000054     roving.obj (.text:in_main_mode)
                  00008770    00000054     main.obj (.text:init_buttons)
                  000087c4    00000054     shempserver.obj (.text:transmit_header)
                  00008818    00000052     roving.obj (.text:start_setup_mode)
                  0000886a    00000050     sensors.obj (.text:store_data_point)
                  000088ba    00000050     shempserver.obj (.text:transmit_data)
                  0000890a    0000004e     roving.obj (.text:host_setup_mode)
                  00008958    0000004e     roving.obj (.text:init_roving)
                  000089a6    0000004c     sensors.obj (.text:init_adc)
                  000089f2    0000004a     roving.obj (.text:in_setup_mode)
                  00008a3c    00000048     rts430x.lib : autoinit.obj (.text:_auto_init)
                  00008a84    00000048     roving.obj (.text:is_delimiter)
                  00008acc    00000046     time.obj (.text:time_cmp)
                  00008b12    00000042     temperature_sensor.obj (.text:fix_temperature)
                  00008b54    00000040     hal_pmm.obj (.text:SetVCore)
                  00008b94    00000040     roving.obj (.text:enter_command_mode)
                  00008bd4    00000040     rts430x.lib : div32s.obj (.text)
                  00008c14    00000040     roving.obj (.text:send_command_with_arg)
                  00008c54    0000003e     rts430x.lib : asr32.obj (.text:l_asr_const)
                  00008c92    0000003e                 : lsr32.obj (.text:l_lsr_const)
                  00008cd0    0000003a     time.obj (.text:add_time_to_time)
                  00008d0a    0000003a     leds.obj (.text:blink_fast)
                  00008d44    0000003a     auxlib.obj (.text:read_number_from_string)
                  00008d7e    00000038     auxlib.obj (.text:is_valid_string)
                  00008db6    00000038     rts430x.lib : memory.obj (.text:minit)
                  00008dee    00000038     linked_list.obj (.text:node_delete)
                  00008e26    00000038     wattage_sensor.obj (.text:sync_wattage_sensors)
                  00008e5e    00000036     roving.obj (.text:disconnect)
                  00008e94    00000036     sensors.obj (.text:enable_sensor)
                  00008eca    00000036     roving.obj (.text:exit_command_mode)
                  00008f00    00000036     sensors.obj (.text:handle_full_sensors)
                  00008f36    00000036     roving.obj (.text:reset_roving)
                  00008f6c    00000036     time.obj (.text:time_copy)
                  00008fa2    00000034     audio_sensor.obj (.text:swap_enabled_audio_sensor)
                  00008fd6    00000032     sensors.obj (.text:handle_adc_interrupt)
                  00009008    00000030     time.obj (.text:check_time)
                  00009038    00000030     html.obj (.text:html_write)
                  00009068    00000030     html.obj (.text:http_write)
                  00009098    00000030     roving.obj (.text:send_command)
                  000090c8    00000030     time.obj (.text:time_set_current)
                  000090f8    0000002e     wattage_sensor.obj (.text:delete_internal_wattage_sensor)
                  00009126    0000002e     sensors.obj (.text:disable_sensor_args)
                  00009154    0000002e     linked_list.obj (.text:node_delete_next)
                  00009182    0000002e     auxlib.obj (.text:string_starts_with)
                  000091b0    0000002c     events.obj (.text:action_delete)
                  000091dc    0000002c     main.obj (.text:button2_toggled)
                  00009208    0000002c     main.obj (.text:init_clock)
                  00009234    0000002c     rts430x.lib : div16s.obj (.text)
                  00009260    0000002a     roving.obj (.text:connect)
                  0000928a    0000002a     time.obj (.text:global_time)
                  000092b4    0000002a     roving.obj (.text:is_associated)
                  000092de    0000002a     time.obj (.text:new_time)
                  00009308    0000002a     leds.obj (.text:prep_leds)
                  00009332    00000028     wattage_sensor.obj (.text:enable_internal_wattage_sensor)
                  0000935a    00000028     roving.obj (.text:in_setup_master_mode)
                  00009382    00000028     shempserver.obj (.text:new_transmit_action)
                  000093aa    00000028     sensors.obj (.text:sensor_add_action_on_data_full)
                  000093d2    00000028     time.obj (.text:wait_for)
                  000093fa    00000026     events.obj (.text:action_delete_list)
                  00009420    00000024     roving.obj (.text:in_setup_slave_mode)
                  00009444    00000024     uart.obj (.text:init_uart)
                  00009468    00000024     linked_list.obj (.text:new_node)
                  0000948c    00000024     linked_list.obj (.text:node_delete_list)
                  000094b0    00000024     main.obj (.text:roving_call_back)
                  000094d4    00000024     time.obj (.text:time_clear)
                  000094f8    00000022     events.obj (.text:action_append_action)
                  0000951a    00000022     linked_list.obj (.text:node_append)
                  0000953c    00000022     rts430x.lib : mult32_f5hw.obj (.text)
                  0000955e    00000020     roving.obj (.text:add_new_host_ip)
                  0000957e    00000020     roving.obj (.text:add_new_host_name)
                  0000959e    00000020     roving.obj (.text:add_new_pass)
                  000095be    00000020     roving.obj (.text:add_new_ssid)
                  000095de    00000020     wattage_sensor.obj (.text:delete_internal_current_sensor)
                  000095fe    00000020     wattage_sensor.obj (.text:delete_internal_voltage_sensor)
                  0000961e    00000020     wattage_sensor.obj (.text:disable_internal_current_sensor)
                  0000963e    00000020     wattage_sensor.obj (.text:disable_internal_voltage_sensor)
                  0000965e    00000020     wattage_sensor.obj (.text:enable_internal_current_sensor)
                  0000967e    00000020     wattage_sensor.obj (.text:enable_internal_voltage_sensor)
                  0000969e    00000020     leds.obj (.text:led_ping)
                  000096be    00000020     roving.obj (.text:send_data)
                  000096de    0000001e     temperature_sensor.obj (.text:get_celcius)
                  000096fc    0000001e     roving.obj (.text:get_dhcp)
                  0000971a    0000001e     html.obj (.text:html_send)
                  00009738    0000001e     events.obj (.text:new_action)
                  00009756    0000001e     sensors.obj (.text:sensor_delete_this)
                  00009774    0000001e     sensors.obj (.text:sensor_disable_this)
                  00009792    0000001e     sensors.obj (.text:sensor_enable_this)
                  000097b0    0000001c     sensors.obj (.text:channel_to_loc)
                  000097cc    0000001c     wattage_sensor.obj (.text:disable_internal_wattage_sensor)
                  000097e8    0000001c     events.obj (.text:do_actions)
                  00009804    0000001c     roving.obj (.text:send_ip)
                  00009820    0000001c     sensors.obj (.text:sensor_clear_state)
                  0000983c    0000001c     time.obj (.text:time_delete)
                  00009858    0000001a     roving.obj (.text:does_has_prompt)
                  00009872    0000001a     roving.obj (.text:have_ack)
                  0000988c    0000001a     roving.obj (.text:in_command_mode)
                  000098a6    0000001a     leds.obj (.text:init_leds)
                  000098c0    0000001a     time.obj (.text:init_time)
                  000098da    0000001a     sensors.obj (.text:loc_to_channel)
                  000098f4    0000001a     roving.obj (.text:not_in_command_mode)
                  0000990e    00000018     events.obj (.text:action_set_args)
                  00009926    00000018     events.obj (.text:action_set_func)
                  0000993e    00000018     audio_sensor.obj (.text:enable_audio_sensor)
                  00009956    00000018     shempserver.obj (.text:have_data_to_transmit)
                  0000996e    00000018     roving.obj (.text:reset_setup_info)
                  00009986    00000018     sensors.obj (.text:sensor_set_delete_func)
                  0000999e    00000018     sensors.obj (.text:sensor_set_disable_func)
                  000099b6    00000018     sensors.obj (.text:sensor_set_enable_func)
                  000099ce    00000018     rts430x.lib : strchr.obj (.text:strchr)
                  000099e6    00000018                 : strcmp.obj (.text:strcmp)
                  000099fe    00000018     uart.obj (.text:uart_send_array)
                  00009a16    00000016     leds.obj (.text:blink_slow_sliding)
                  00009a2c    00000016     auxlib.obj (.text:multiply)
                  00009a42    00000016     auxlib.obj (.text:number_of_characters_in_string)
                  00009a58    00000016     rts430x.lib : div16u.obj (.text)
                  00009a6e    00000016                 : mult16_f5hw.obj (.text)
                  00009a84    00000014     audio_sensor.obj (.text:delete_audio_sensor)
                  00009a98    00000014     audio_sensor.obj (.text:disable_audio_sensor)
                  00009aac    00000014     audio_sensor.obj (.text:init_audio_sensor)
                  00009ac0    00000014     main.obj (.text:set_relay)
                  00009ad4    00000014     uart.obj (.text:uart_send_string)
                  00009ae8    00000014     time.obj (.text:wait)
                  00009afc    00000012     roving.obj (.text:done_setup)
                  00009b0e    00000012     roving.obj (.text:have_dhcp)
                  00009b20    00000012     main.obj (.text:init_pll)
                  00009b32    00000012     shempserver.obj (.text:init_transmits)
                  00009b44    00000012     rts430x.lib : memcpy.obj (.text:memcpy)
                  00009b56    00000012     sensors.obj (.text:sensor_get_loc)
                  00009b68    00000012     time.obj (.text:time_set_seconds)
                  00009b7a    00000010     sensors.obj (.text:disable_sensor)
                  00009b8a    00000010     html.obj (.text:html_reset)
                  00009b9a    00000010     main.obj (.text:init_timer)
                  00009baa    00000010     time.obj (.text:time_set_clock_time)
                  00009bba    0000000e     leds.obj (.text:blink_slow)
                  00009bc8    0000000e     leds.obj (.text:blink_slow_alternating)
                  00009bd6    0000000e     main.obj (.text:do_non_blocking_interrupt)
                  00009be4    0000000e     main.obj (.text:init_relay)
                  00009bf2    0000000e     temperature_sensor.obj (.text:init_temperature_sensor)
                  00009c00    0000000e     linked_list.obj (.text:node_get_next)
                  00009c0e    0000000e     sensors.obj (.text:sample_queued_sensors)
                  00009c1c    0000000e     sensors.obj (.text:sensor_get_data_array)
                  00009c2a    0000000e     sensors.obj (.text:sensor_get_end_time)
                  00009c38    0000000e     sensors.obj (.text:sensor_get_old_array)
                  00009c46    0000000e     sensors.obj (.text:sensor_get_period)
                  00009c54    0000000e     sensors.obj (.text:sensor_get_size)
                  00009c62    0000000e     sensors.obj (.text:sensor_get_trigger_time)
                  00009c70    0000000e     rts430x.lib : strlen.obj (.text:strlen)
                  00009c7e    0000000c     sensors.obj (.text:ready_to_sample)
                  00009c8a    0000000c     sensors.obj (.text:sensor_get_type)
                  00009c96    0000000c     auxlib.obj (.text:write_2_bytes_to_string)
                  00009ca2    0000000a     temperature_sensor.obj (.text:delete_external_temperature_sensor_A)
                  00009cac    0000000a     temperature_sensor.obj (.text:delete_external_temperature_sensor_B)
                  00009cb6    0000000a     temperature_sensor.obj (.text:delete_internal_temperature_sensor)
                  00009cc0    0000000a     light_sensor.obj (.text:delete_light_sensor_A)
                  00009cca    0000000a     light_sensor.obj (.text:delete_light_sensor_B)
                  00009cd4    0000000a     temperature_sensor.obj (.text:disable_external_temperature_sensor_A)
                  00009cde    0000000a     temperature_sensor.obj (.text:disable_external_temperature_sensor_B)
                  00009ce8    0000000a     temperature_sensor.obj (.text:disable_internal_temperature_sensor)
                  00009cf2    0000000a     light_sensor.obj (.text:disable_light_sensor_A)
                  00009cfc    0000000a     light_sensor.obj (.text:disable_light_sensor_B)
                  00009d06    0000000a     temperature_sensor.obj (.text:enable_external_temperature_sensor_A)
                  00009d10    0000000a     temperature_sensor.obj (.text:enable_external_temperature_sensor_B)
                  00009d1a    0000000a     temperature_sensor.obj (.text:enable_internal_temperature_sensor)
                  00009d24    0000000a     light_sensor.obj (.text:enable_light_sensor_A)
                  00009d2e    0000000a     light_sensor.obj (.text:enable_light_sensor_B)
                  00009d38    0000000a     light_sensor.obj (.text:init_light_sensor)
                  00009d42    0000000a     roving.obj (.text:is_prompt)
                  00009d4c    00000008     main.obj (.text:toggle_relay)
                  00009d54    00000008     leds.obj (.text:update_leds)
                  00009d5c    00000006     roving.obj (.text:associate)
                  00009d62    00000006     roving.obj (.text:complete_setup)
                  00009d68    00000006     shempserver.obj (.text:continue_transmits)
                  00009d6e    00000006     roving.obj (.text:get_new_host_ip)
                  00009d74    00000006     roving.obj (.text:get_new_host_name)
                  00009d7a    00000006     roving.obj (.text:get_new_pass)
                  00009d80    00000006     roving.obj (.text:get_new_ssid)
                  00009d86    00000006     roving.obj (.text:get_number_of_slaves)
                  00009d8c    00000006     roving.obj (.text:have_new_host_ip)
                  00009d92    00000006     roving.obj (.text:have_new_host_name)
                  00009d98    00000006     roving.obj (.text:have_new_pass)
                  00009d9e    00000006     roving.obj (.text:have_new_ssid)
                  00009da4    00000006     shempserver.obj (.text:hold_transmits)
                  00009daa    00000006     roving.obj (.text:is_connected)
                  00009db0    00000006     roving.obj (.text:reset_ack)
                  00009db6    00000006     shempserver.obj (.text:reset_output_buffer)
                  00009dbc    00000006     leds.obj (.text:set_led_anim)
                  00009dc2    00000006     sensors.obj (.text:start_sampling)
                  00009dc8    00000006     sensors.obj (.text:stop_sampling)
                  00009dce    00000006     leds.obj (.text:turn_on)
                  00009dd4    00000004     rts430x.lib : pre_init.obj (.text:_system_pre_init)
                  00009dd8    00000004                 : exit.obj (.text:abort)
                  00009ddc    00000004     linked_list.obj (.text:node_get_val)
                  00009de0    00000002     rts430x.lib : _lock.obj (.text:_nop)

.const     0    00009de2    000014cd     
                  00009de2    00000e14     temperature_sensor.obj (.const:temp_lookup_table)
                  0000abf6    000001aa     roving.obj (.const:.string)
                  0000ada0    00000097     html.obj (.const:.string:html_submit_button)
                  0000ae37    00000001     --HOLE-- [fill = 0]
                  0000ae38    00000089     html.obj (.const:.string:html_header_02)
                  0000aec1    00000001     --HOLE-- [fill = 0]
                  0000aec2    0000007a     html.obj (.const:.string:html_header_01)
                  0000af3c    0000006f     html.obj (.const:.string:html_instructions_01)
                  0000afab    00000001     --HOLE-- [fill = 0]
                  0000afac    0000006f     html.obj (.const:.string:html_instructions_02)
                  0000b01b    00000001     --HOLE-- [fill = 0]
                  0000b01c    00000068     html.obj (.const:.string:html_header_03)
                  0000b084    0000005f     html.obj (.const:.string:html_number_of_slaves_prefix)
                  0000b0e3    00000001     --HOLE-- [fill = 0]
                  0000b0e4    00000053     html.obj (.const:.string:http_header)
                  0000b137    00000001     --HOLE-- [fill = 0]
                  0000b138    00000039     html.obj (.const:.string:html_pass_prefix)
                  0000b171    00000001     --HOLE-- [fill = 0]
                  0000b172    00000035     html.obj (.const:.string:html_ssid_prefix)
                  0000b1a7    00000001     --HOLE-- [fill = 0]
                  0000b1a8    00000032     html.obj (.const:.string:html_host_ip_prefix)
                  0000b1da    0000001e     html.obj (.const:.string:html_footer)
                  0000b1f8    0000001c     html.obj (.const:.string:html_host_ip_form)
                  0000b214    0000001c     html.obj (.const:.string:html_pass_form)
                  0000b230    0000001c     html.obj (.const:.string:html_ssid_form)
                  0000b24c    0000001a     html.obj (.const:.string)
                  0000b266    00000012     html.obj (.const:.string:html_input_error)
                  0000b278    0000000b     html.obj (.const:.string:html_host_ip_suffix)
                  0000b283    00000001     --HOLE-- [fill = 0]
                  0000b284    0000000b     html.obj (.const:.string:html_number_of_slaves_suffix)
                  0000b28f    00000001     --HOLE-- [fill = 0]
                  0000b290    0000000b     html.obj (.const:.string:html_pass_suffix)
                  0000b29b    00000001     --HOLE-- [fill = 0]
                  0000b29c    0000000b     html.obj (.const:.string:html_ssid_suffix)
                  0000b2a7    00000001     --HOLE-- [fill = 0]
                  0000b2a8    00000007     shempserver.obj (.const:.string:SERIAL_NUMBER)

.int42     0    0000ffd4    00000002     
                  0000ffd4    00000002     main.obj (.int42)

.int47     0    0000ffde    00000002     
                  0000ffde    00000002     main.obj (.int47)

.int52     0    0000ffe8    00000002     
                  0000ffe8    00000002     uart.obj (.int52)

.int55     0    0000ffee    00000002     
                  0000ffee    00000002     main.obj (.int55)

.reset     0    0000fffe    00000002     
                  0000fffe    00000002     rts430x.lib : boot.obj (.reset)


GLOBAL SYMBOLS: SORTED ALPHABETICALLY BY Name 

address    name
--------   ----
00001c00   .bss
ffffffff   .text
00000700   ADC12CTL0
00000701   ADC12CTL0_H
00000700   ADC12CTL0_L
00000702   ADC12CTL1
00000703   ADC12CTL1_H
00000702   ADC12CTL1_L
00000704   ADC12CTL2
00000705   ADC12CTL2_H
00000704   ADC12CTL2_L
0000070c   ADC12IE
0000070d   ADC12IE_H
0000070c   ADC12IE_L
0000070a   ADC12IFG
0000070b   ADC12IFG_H
0000070a   ADC12IFG_L
0000070e   ADC12IV
0000070f   ADC12IV_H
0000070e   ADC12IV_L
00000710   ADC12MCTL0
00000711   ADC12MCTL1
0000071a   ADC12MCTL10
0000071b   ADC12MCTL11
0000071c   ADC12MCTL12
0000071d   ADC12MCTL13
0000071e   ADC12MCTL14
0000071f   ADC12MCTL15
00000712   ADC12MCTL2
00000713   ADC12MCTL3
00000714   ADC12MCTL4
00000715   ADC12MCTL5
00000716   ADC12MCTL6
00000717   ADC12MCTL7
00000718   ADC12MCTL8
00000719   ADC12MCTL9
00000720   ADC12MEM0
00000721   ADC12MEM0_H
00000720   ADC12MEM0_L
00000722   ADC12MEM1
00000734   ADC12MEM10
00000735   ADC12MEM10_H
00000734   ADC12MEM10_L
00000736   ADC12MEM11
00000737   ADC12MEM11_H
00000736   ADC12MEM11_L
00000738   ADC12MEM12
00000739   ADC12MEM12_H
00000738   ADC12MEM12_L
0000073a   ADC12MEM13
0000073b   ADC12MEM13_H
0000073a   ADC12MEM13_L
0000073c   ADC12MEM14
0000073d   ADC12MEM14_H
0000073c   ADC12MEM14_L
0000073e   ADC12MEM15
0000073f   ADC12MEM15_H
0000073e   ADC12MEM15_L
00000723   ADC12MEM1_H
00000722   ADC12MEM1_L
00000724   ADC12MEM2
00000725   ADC12MEM2_H
00000724   ADC12MEM2_L
00000726   ADC12MEM3
00000727   ADC12MEM3_H
00000726   ADC12MEM3_L
00000728   ADC12MEM4
00000729   ADC12MEM4_H
00000728   ADC12MEM4_L
0000072a   ADC12MEM5
0000072b   ADC12MEM5_H
0000072a   ADC12MEM5_L
0000072c   ADC12MEM6
0000072d   ADC12MEM6_H
0000072c   ADC12MEM6_L
0000072e   ADC12MEM7
0000072f   ADC12MEM7_H
0000072e   ADC12MEM7_L
00000730   ADC12MEM8
00000731   ADC12MEM8_H
00000730   ADC12MEM8_L
00000732   ADC12MEM9
00000733   ADC12MEM9_H
00000732   ADC12MEM9_L
00003f5e   ADC12MEMX
00005d2c   ADC12_ISR
00003f3e   ADC12_SENSORS
00009dd8   C$$EXIT
00000150   CRCDI
00000152   CRCDIRB
00000153   CRCDIRB_H
00000152   CRCDIRB_L
00000151   CRCDI_H
00000150   CRCDI_L
00000154   CRCINIRES
00000155   CRCINIRES_H
00000154   CRCINIRES_L
00000156   CRCRESR
00000157   CRCRESR_H
00000156   CRCRESR_L
00000510   DMA0CTL
00000511   DMA0CTL_H
00000510   DMA0CTL_L
00000516   DMA0DA
00000516   DMA0DAL
00000512   DMA0SA
00000512   DMA0SAL
0000051a   DMA0SZ
00000520   DMA1CTL
00000521   DMA1CTL_H
00000520   DMA1CTL_L
00000526   DMA1DA
00000526   DMA1DAL
00000522   DMA1SA
00000522   DMA1SAL
0000052a   DMA1SZ
00000530   DMA2CTL
00000531   DMA2CTL_H
00000530   DMA2CTL_L
00000536   DMA2DA
00000536   DMA2DAL
00000532   DMA2SA
00000532   DMA2SAL
0000053a   DMA2SZ
00000500   DMACTL0
00000501   DMACTL0_H
00000500   DMACTL0_L
00000502   DMACTL1
00000503   DMACTL1_H
00000502   DMACTL1_L
00000504   DMACTL2
00000505   DMACTL2_H
00000504   DMACTL2_L
00000506   DMACTL3
00000507   DMACTL3_H
00000506   DMACTL3_L
00000508   DMACTL4
00000509   DMACTL4_H
00000508   DMACTL4_L
0000050e   DMAIV
0000050f   DMAIV_H
0000050e   DMAIV_L
00000140   FCTL1
00000141   FCTL1_H
00000140   FCTL1_L
00000144   FCTL3
00000145   FCTL3_H
00000144   FCTL3_L
00000146   FCTL4
00000147   FCTL4_H
00000146   FCTL4_L
00003fac   LEDOUT_temp
00008c8c   L_ASR_1
00008c68   L_ASR_10
00008c64   L_ASR_11
00008c60   L_ASR_12
00008c5c   L_ASR_13
00008c58   L_ASR_14
00008c54   L_ASR_15
00008c88   L_ASR_2
00008c84   L_ASR_3
00008c80   L_ASR_4
00008c7c   L_ASR_5
00008c78   L_ASR_6
00008c74   L_ASR_7
00008c70   L_ASR_8
00008c6c   L_ASR_9
00008cca   L_LSR_1
00008ca6   L_LSR_10
00008ca2   L_LSR_11
00008c9e   L_LSR_12
00008c9a   L_LSR_13
00008c96   L_LSR_14
00008c92   L_LSR_15
00008cc6   L_LSR_2
00008cc2   L_LSR_3
00008cbe   L_LSR_4
00008cba   L_LSR_5
00008cb6   L_LSR_6
00008cb2   L_LSR_7
00008cae   L_LSR_8
00008caa   L_LSR_9
000004c4   MAC
000004da   MAC32H
000004db   MAC32H_H
000004da   MAC32H_L
000004d8   MAC32L
000004d9   MAC32L_H
000004d8   MAC32L_L
000004c6   MACS
000004de   MACS32H
000004df   MACS32H_H
000004de   MACS32H_L
000004dc   MACS32L
000004dd   MACS32L_H
000004dc   MACS32L_L
000004c7   MACS_H
000004c6   MACS_L
000004c5   MAC_H
000004c4   MAC_L
000004c0   MPY
000004ec   MPY32CTL0
000004ed   MPY32CTL0_H
000004ec   MPY32CTL0_L
000004d2   MPY32H
000004d3   MPY32H_H
000004d2   MPY32H_L
000004d0   MPY32L
000004d1   MPY32L_H
000004d0   MPY32L_L
000004c2   MPYS
000004d6   MPYS32H
000004d7   MPYS32H_H
000004d6   MPYS32H_L
000004d4   MPYS32L
000004d5   MPYS32L_H
000004d4   MPYS32L_L
000004c3   MPYS_H
000004c2   MPYS_L
000004c1   MPY_H
000004c0   MPY_L
000004c8   OP2
000004e2   OP2H
000004e3   OP2H_H
000004e2   OP2H_L
000004e0   OP2L
000004e1   OP2L_H
000004e0   OP2L_L
000004c9   OP2_H
000004c8   OP2_L
0000020e   P1IV
0000021e   P2IV
00000204   PADIR
00000205   PADIR_H
00000204   PADIR_L
00000208   PADS
00000209   PADS_H
00000208   PADS_L
0000021a   PAIE
00000218   PAIES
00000219   PAIES_H
00000218   PAIES_L
0000021b   PAIE_H
0000021a   PAIE_L
0000021c   PAIFG
0000021d   PAIFG_H
0000021c   PAIFG_L
00000200   PAIN
00000201   PAIN_H
00000200   PAIN_L
00000202   PAOUT
00000203   PAOUT_H
00000202   PAOUT_L
00000206   PAREN
00000207   PAREN_H
00000206   PAREN_L
0000020a   PASEL
0000020b   PASEL_H
0000020a   PASEL_L
00000224   PBDIR
00000225   PBDIR_H
00000224   PBDIR_L
00000228   PBDS
00000229   PBDS_H
00000228   PBDS_L
00000220   PBIN
00000221   PBIN_H
00000220   PBIN_L
00000222   PBOUT
00000223   PBOUT_H
00000222   PBOUT_L
00000226   PBREN
00000227   PBREN_H
00000226   PBREN_L
0000022a   PBSEL
0000022b   PBSEL_H
0000022a   PBSEL_L
00000244   PCDIR
00000245   PCDIR_H
00000244   PCDIR_L
00000248   PCDS
00000249   PCDS_H
00000248   PCDS_L
00000240   PCIN
00000241   PCIN_H
00000240   PCIN_L
00000242   PCOUT
00000243   PCOUT_H
00000242   PCOUT_L
00000246   PCREN
00000247   PCREN_H
00000246   PCREN_L
0000024a   PCSEL
0000024b   PCSEL_H
0000024a   PCSEL_L
00000264   PDDIR
00000265   PDDIR_H
00000264   PDDIR_L
00000268   PDDS
00000269   PDDS_H
00000268   PDDS_L
00000260   PDIN
00000261   PDIN_H
00000260   PDIN_L
00000262   PDOUT
00000263   PDOUT_H
00000262   PDOUT_L
00000266   PDREN
00000267   PDREN_H
00000266   PDREN_L
0000026a   PDSEL
0000026b   PDSEL_H
0000026a   PDSEL_L
00000284   PEDIR
00000285   PEDIR_H
00000284   PEDIR_L
00000288   PEDS
00000289   PEDS_H
00000288   PEDS_L
00000280   PEIN
00000281   PEIN_H
00000280   PEIN_L
00000282   PEOUT
00000283   PEOUT_H
00000282   PEOUT_L
00000286   PEREN
00000287   PEREN_H
00000286   PEREN_L
0000028a   PESEL
0000028b   PESEL_H
0000028a   PESEL_L
000002a4   PFDIR
000002a5   PFDIR_H
000002a4   PFDIR_L
000002a8   PFDS
000002a9   PFDS_H
000002a8   PFDS_L
000002a0   PFIN
000002a1   PFIN_H
000002a0   PFIN_L
000002a2   PFOUT
000002a3   PFOUT_H
000002a2   PFOUT_L
000002a6   PFREN
000002a7   PFREN_H
000002a6   PFREN_L
000002aa   PFSEL
000002ab   PFSEL_H
000002aa   PFSEL_L
00000324   PJDIR
00000325   PJDIR_H
00000324   PJDIR_L
00000328   PJDS
00000329   PJDS_H
00000328   PJDS_L
00000320   PJIN
00000321   PJIN_H
00000320   PJIN_L
00000322   PJOUT
00000323   PJOUT_H
00000322   PJOUT_L
00000326   PJREN
00000327   PJREN_H
00000326   PJREN_L
00000130   PM5CTL0
00000131   PM5CTL0_H
00000130   PM5CTL0_L
00000120   PMMCTL0
00000121   PMMCTL0_H
00000120   PMMCTL0_L
00000122   PMMCTL1
00000123   PMMCTL1_H
00000122   PMMCTL1_L
0000012c   PMMIFG
0000012d   PMMIFG_H
0000012c   PMMIFG_L
0000012e   PMMRIE
0000012f   PMMRIE_H
0000012e   PMMRIE_L
00005c00   Port1GPIOHandler
00005c98   Port2GPIOHandler
00000158   RCCTL0
00000159   RCCTL0_H
00000158   RCCTL0_L
000001b0   REFCTL0
000001b1   REFCTL0_H
000001b0   REFCTL0_L
000004e4   RES0
000004e5   RES0_H
000004e4   RES0_L
000004e6   RES1
000004e7   RES1_H
000004e6   RES1_L
000004e8   RES2
000004e9   RES2_H
000004e8   RES2_L
000004ea   RES3
000004eb   RES3_H
000004ea   RES3_L
000004cc   RESHI
000004cd   RESHI_H
000004cc   RESHI_L
000004ca   RESLO
000004cb   RESLO_H
000004ca   RESLO_L
000004ba   RTCADOWDAY
000004bb   RTCADOWDAY_H
000004ba   RTCADOWDAY_L
000004b8   RTCAMINHR
000004b9   RTCAMINHR_H
000004b8   RTCAMINHR_L
000004a0   RTCCTL01
000004a1   RTCCTL01_H
000004a0   RTCCTL01_L
000004a2   RTCCTL23
000004a3   RTCCTL23_H
000004a2   RTCCTL23_L
000004b4   RTCDATE
000004b5   RTCDATE_H
000004b4   RTCDATE_L
000004ae   RTCIV
000004ac   RTCPS
000004a8   RTCPS0CTL
000004a9   RTCPS0CTL_H
000004a8   RTCPS0CTL_L
000004aa   RTCPS1CTL
000004ab   RTCPS1CTL_H
000004aa   RTCPS1CTL_L
000004ad   RTCPS_H
000004ac   RTCPS_L
000004b0   RTCTIM0
000004b1   RTCTIM0_H
000004b0   RTCTIM0_L
000004b2   RTCTIM1
000004b3   RTCTIM1_H
000004b2   RTCTIM1_L
000004b6   RTCYEAR
000004b7   RTCYEAR_H
000004b6   RTCYEAR_L
0000b2a8   SERIAL_NUMBER
00000100   SFRIE1
00000101   SFRIE1_H
00000100   SFRIE1_L
00000102   SFRIFG1
00000103   SFRIFG1_H
00000102   SFRIFG1_L
00000104   SFRRPCR
00000105   SFRRPCR_H
00000104   SFRRPCR_L
000004ce   SUMEXT
000004cf   SUMEXT_H
000004ce   SUMEXT_L
00000124   SVSMHCTL
00000125   SVSMHCTL_H
00000124   SVSMHCTL_L
00000128   SVSMIO
00000129   SVSMIO_H
00000128   SVSMIO_L
00000126   SVSMLCTL
00000127   SVSMLCTL_H
00000126   SVSMLCTL_L
00000198   SYSBERRIV
00000199   SYSBERRIV_H
00000198   SYSBERRIV_L
00000182   SYSBSLC
00000183   SYSBSLC_H
00000182   SYSBSLC_L
00000180   SYSCTL
00000181   SYSCTL_H
00000180   SYSCTL_L
00000186   SYSJMBC
00000187   SYSJMBC_H
00000186   SYSJMBC_L
00000188   SYSJMBI0
00000189   SYSJMBI0_H
00000188   SYSJMBI0_L
0000018a   SYSJMBI1
0000018b   SYSJMBI1_H
0000018a   SYSJMBI1_L
0000018c   SYSJMBO0
0000018d   SYSJMBO0_H
0000018c   SYSJMBO0_L
0000018e   SYSJMBO1
0000018f   SYSJMBO1_H
0000018e   SYSJMBO1_L
0000019e   SYSRSTIV
0000019f   SYSRSTIV_H
0000019e   SYSRSTIV_L
0000019c   SYSSNIV
0000019d   SYSSNIV_H
0000019c   SYSSNIV_L
0000019a   SYSUNIV
0000019b   SYSUNIV_H
0000019a   SYSUNIV_L
00008b54   SetVCore
0000814c   SetVCoreDown
00007bb8   SetVCoreUp
00000352   TA0CCR0
00000354   TA0CCR1
00000356   TA0CCR2
00000358   TA0CCR3
0000035a   TA0CCR4
00000342   TA0CCTL0
00000344   TA0CCTL1
00000346   TA0CCTL2
00000348   TA0CCTL3
0000034a   TA0CCTL4
00000340   TA0CTL
00000360   TA0EX0
0000036e   TA0IV
00000350   TA0R
00000392   TA1CCR0
00000394   TA1CCR1
00000396   TA1CCR2
00000382   TA1CCTL0
00000384   TA1CCTL1
00000386   TA1CCTL2
00000380   TA1CTL
000003a0   TA1EX0
000003ae   TA1IV
00000390   TA1R
000003d2   TB0CCR0
000003d4   TB0CCR1
000003d6   TB0CCR2
000003d8   TB0CCR3
000003da   TB0CCR4
000003dc   TB0CCR5
000003de   TB0CCR6
000003c2   TB0CCTL0
000003c4   TB0CCTL1
000003c6   TB0CCTL2
000003c8   TB0CCTL3
000003ca   TB0CCTL4
000003cc   TB0CCTL5
000003ce   TB0CCTL6
000003c0   TB0CTL
000003e0   TB0EX0
000003ee   TB0IV
000003d0   TB0R
000005d0   UCA0ABCTL
000005c6   UCA0BRW
000005c7   UCA0BRW_H
000005c6   UCA0BRW_L
000005c0   UCA0CTLW0
000005c1   UCA0CTLW0_H
000005c0   UCA0CTLW0_L
000005dc   UCA0ICTL
000005dd   UCA0ICTL_H
000005dc   UCA0ICTL_L
000005d2   UCA0IRCTL
000005d3   UCA0IRCTL_H
000005d2   UCA0IRCTL_L
000005de   UCA0IV
000005c8   UCA0MCTL
000005cc   UCA0RXBUF
000005ca   UCA0STAT
000005ce   UCA0TXBUF
00000610   UCA1ABCTL
00000606   UCA1BRW
00000607   UCA1BRW_H
00000606   UCA1BRW_L
00000600   UCA1CTLW0
00000601   UCA1CTLW0_H
00000600   UCA1CTLW0_L
0000061c   UCA1ICTL
0000061d   UCA1ICTL_H
0000061c   UCA1ICTL_L
00000612   UCA1IRCTL
00000613   UCA1IRCTL_H
00000612   UCA1IRCTL_L
0000061e   UCA1IV
00000608   UCA1MCTL
0000060c   UCA1RXBUF
0000060a   UCA1STAT
0000060e   UCA1TXBUF
00000650   UCA2ABCTL
00000646   UCA2BRW
00000647   UCA2BRW_H
00000646   UCA2BRW_L
00000640   UCA2CTLW0
00000641   UCA2CTLW0_H
00000640   UCA2CTLW0_L
0000065c   UCA2ICTL
0000065d   UCA2ICTL_H
0000065c   UCA2ICTL_L
00000652   UCA2IRCTL
00000653   UCA2IRCTL_H
00000652   UCA2IRCTL_L
0000065e   UCA2IV
00000648   UCA2MCTL
0000064c   UCA2RXBUF
0000064a   UCA2STAT
0000064e   UCA2TXBUF
00000690   UCA3ABCTL
00000686   UCA3BRW
00000687   UCA3BRW_H
00000686   UCA3BRW_L
00000680   UCA3CTLW0
00000681   UCA3CTLW0_H
00000680   UCA3CTLW0_L
0000069c   UCA3ICTL
0000069d   UCA3ICTL_H
0000069c   UCA3ICTL_L
00000692   UCA3IRCTL
00000693   UCA3IRCTL_H
00000692   UCA3IRCTL_L
0000069e   UCA3IV
00000688   UCA3MCTL
0000068c   UCA3RXBUF
0000068a   UCA3STAT
0000068e   UCA3TXBUF
000005e6   UCB0BRW
000005e7   UCB0BRW_H
000005e6   UCB0BRW_L
000005e0   UCB0CTLW0
000005e1   UCB0CTLW0_H
000005e0   UCB0CTLW0_L
000005f0   UCB0I2COA
000005f1   UCB0I2COA_H
000005f0   UCB0I2COA_L
000005f2   UCB0I2CSA
000005f3   UCB0I2CSA_H
000005f2   UCB0I2CSA_L
000005fc   UCB0ICTL
000005fd   UCB0ICTL_H
000005fc   UCB0ICTL_L
000005fe   UCB0IV
000005ec   UCB0RXBUF
000005ea   UCB0STAT
000005ee   UCB0TXBUF
00000626   UCB1BRW
00000627   UCB1BRW_H
00000626   UCB1BRW_L
00000620   UCB1CTLW0
00000621   UCB1CTLW0_H
00000620   UCB1CTLW0_L
00000630   UCB1I2COA
00000631   UCB1I2COA_H
00000630   UCB1I2COA_L
00000632   UCB1I2CSA
00000633   UCB1I2CSA_H
00000632   UCB1I2CSA_L
0000063c   UCB1ICTL
0000063d   UCB1ICTL_H
0000063c   UCB1ICTL_L
0000063e   UCB1IV
0000062c   UCB1RXBUF
0000062a   UCB1STAT
0000062e   UCB1TXBUF
00000666   UCB2BRW
00000667   UCB2BRW_H
00000666   UCB2BRW_L
00000660   UCB2CTLW0
00000661   UCB2CTLW0_H
00000660   UCB2CTLW0_L
00000670   UCB2I2COA
00000671   UCB2I2COA_H
00000670   UCB2I2COA_L
00000672   UCB2I2CSA
00000673   UCB2I2CSA_H
00000672   UCB2I2CSA_L
0000067c   UCB2ICTL
0000067d   UCB2ICTL_H
0000067c   UCB2ICTL_L
0000067e   UCB2IV
0000066c   UCB2RXBUF
0000066a   UCB2STAT
0000066e   UCB2TXBUF
000006a6   UCB3BRW
000006a7   UCB3BRW_H
000006a6   UCB3BRW_L
000006a0   UCB3CTLW0
000006a1   UCB3CTLW0_H
000006a0   UCB3CTLW0_L
000006b0   UCB3I2COA
000006b1   UCB3I2COA_H
000006b0   UCB3I2COA_L
000006b2   UCB3I2CSA
000006b3   UCB3I2CSA_H
000006b2   UCB3I2CSA_L
000006bc   UCB3ICTL
000006bd   UCB3ICTL_H
000006bc   UCB3ICTL_L
000006be   UCB3IV
000006ac   UCB3RXBUF
000006aa   UCB3STAT
000006ae   UCB3TXBUF
00000160   UCSCTL0
00000161   UCSCTL0_H
00000160   UCSCTL0_L
00000162   UCSCTL1
00000163   UCSCTL1_H
00000162   UCSCTL1_L
00000164   UCSCTL2
00000165   UCSCTL2_H
00000164   UCSCTL2_L
00000166   UCSCTL3
00000167   UCSCTL3_H
00000166   UCSCTL3_L
00000168   UCSCTL4
00000169   UCSCTL4_H
00000168   UCSCTL4_L
0000016a   UCSCTL5
0000016b   UCSCTL5_H
0000016a   UCSCTL5_L
0000016c   UCSCTL6
0000016d   UCSCTL6_H
0000016c   UCSCTL6_L
0000016e   UCSCTL7
0000016f   UCSCTL7_H
0000016e   UCSCTL7_L
00000170   UCSCTL8
00000171   UCSCTL8_H
00000170   UCSCTL8_L
00005d18   USCI_A2_ISR
0000015c   WDTCTL
0000015d   WDTCTL_H
0000015c   WDTCTL_L
00005c00   __STACK_END
00000300   __STACK_SIZE
00001800   __SYSMEM_SIZE
00000001   __TI_args_main
00000001   __TI_auto_init
00003f96   __TI_cleanup_ptr
00003f9a   __TI_dtors_ptr
00000001   __TI_exit
0000ffd4   __TI_int42
0000ffde   __TI_int47
0000ffe8   __TI_int52
0000ffee   __TI_int55
ffffffff   __binit__
00001c00   __bss__
ffffffff   __c_args__
00005d36   __cinit__
00009234   __divi
00008bd4   __divli
00009a58   __divu
00008618   __divul
00003fbe   __end__
ffffffff   __etext__
00009a6e   __mpyi_f5hw
0000953c   __mpyl_f5hw
ffffffff   __pinit__
00009234   __remi
00008bd4   __remli
00009a58   __remu
00008618   __remul
ffffffff   __text__
00008a3c   _auto_init
00005cee   _c_int00
00005cee   _c_int00_noexit
00003f8e   _lock
00009de0   _nop
0000fffe   _reset_vector
00005900   _stack
00003fc0   _sys_memory
00009dd4   _system_pre_init
00003f92   _unlock
00009dd8   abort
000094f8   action_append_action
000091b0   action_delete
000093fa   action_delete_list
0000990e   action_set_args
00009926   action_set_func
0000955e   add_new_host_ip
0000957e   add_new_host_name
0000959e   add_new_pass
000095be   add_new_ssid
00008cd0   add_time_to_time
00008670   add_to_slaves
0000761a   alert_slaves
00003da8   assoc
00009d5c   associate
00003fb3   audio_cool_down_counter
00003fb0   audio_sensor_hifi
00003fb2   audio_sensor_is_hifi
00003fae   audio_sensor_lofi
00003f86   aux_sensor
00003f8a   aux_sensor_enabled
ffffffff   binit
00008d0a   blink_fast
00009bba   blink_slow
00009bc8   blink_slow_alternating
00009a16   blink_slow_sliding
00009d4c   button1_toggled
000091dc   button2_toggled
00007922   calculate_wattage
00003ef2   call_back
000097b0   channel_to_loc
00003f7e   check_in_period
00009008   check_time
00005d36   cinit
00003da3   command_mode
00009d62   complete_setup
00003da6   config_mode
00009260   connect
00009d68   continue_transmits
00006fc6   create_audio_sensor
000081e8   create_internal_current_sensor
00008280   create_internal_voltage_sensor
00007d4a   create_internal_wattage_sensor
00007c82   create_light_sensor
000073b6   create_temperature_sensor
00003fa8   cur_time
00003f03   current_is_interesting
00003efc   current_is_ready
000066ea   current_on_full
00003f16   current_reference
00003ef6   current_sensor
00003f36   current_settling_counter
00009a84   delete_audio_sensor
00009ca2   delete_external_temperature_sensor_A
00009cac   delete_external_temperature_sensor_B
000095de   delete_internal_current_sensor
00009cb6   delete_internal_temperature_sensor
000095fe   delete_internal_voltage_sensor
000090f8   delete_internal_wattage_sensor
00009cc0   delete_light_sensor_A
00009cca   delete_light_sensor_B
00007e02   detect_audio_use
00003da9   dhcp
00009a98   disable_audio_sensor
00009cd4   disable_external_temperature_sensor_A
00009cde   disable_external_temperature_sensor_B
0000961e   disable_internal_current_sensor
00009ce8   disable_internal_temperature_sensor
0000963e   disable_internal_voltage_sensor
000097cc   disable_internal_wattage_sensor
00009cf2   disable_light_sensor_A
00009cfc   disable_light_sensor_B
00009b7a   disable_sensor
00009126   disable_sensor_args
00008e5e   disconnect
000097e8   do_actions
00009bd6   do_non_blocking_interrupt
00007a12   do_setup
00009858   does_has_prompt
00009afc   done_setup
0000993e   enable_audio_sensor
00009d06   enable_external_temperature_sensor_A
00009d10   enable_external_temperature_sensor_B
0000965e   enable_internal_current_sensor
00009d1a   enable_internal_temperature_sensor
0000967e   enable_internal_voltage_sensor
00009332   enable_internal_wattage_sensor
00009d24   enable_light_sensor_A
00009d2e   enable_light_sensor_B
00008e94   enable_sensor
00006e34   encode_data_and_old_data_for_transmit
00007118   encode_data_for_transmit
00003fbe   end
00003f3a   end_of_sequence
00008b94   enter_command_mode
ffffffff   etext
00008eca   exit_command_mode
00003fb6   external_temperature_sensor_A
00003fb8   external_temperature_sensor_B
00008b12   fix_temperature
00008418   fix_time
00008318   free
000096de   get_celcius
000096fc   get_dhcp
00009d6e   get_new_host_ip
00009d74   get_new_host_name
00009d7a   get_new_pass
00009d80   get_new_ssid
00009d86   get_number_of_slaves
0000928a   global_time
00008fd6   handle_adc_interrupt
00008f00   handle_full_sensors
000080aa   handle_roving_input
00003ef0   has_prompt
00009872   have_ack
00003eef   have_ack_flag
00009956   have_data_to_transmit
00009b0e   have_dhcp
00009d8c   have_new_host_ip
00009d92   have_new_host_name
00009d98   have_new_pass
00009d9e   have_new_ssid
00003376   header
00003375   hold_transmit_flag
00009da4   hold_transmits
00003dba   host_ip
00003dda   host_name
0000890a   host_setup_mode
00007eae   html_GET
0000339c   html_buffer
0000b1da   html_footer
0000aec2   html_header_01
0000ae38   html_header_02
0000b01c   html_header_03
0000b1f8   html_host_ip_form
0000b1a8   html_host_ip_prefix
0000b278   html_host_ip_suffix
0000b266   html_input_error
0000af3c   html_instructions_01
0000afac   html_instructions_02
00003394   html_number_of_slaves_field
0000b084   html_number_of_slaves_prefix
0000b284   html_number_of_slaves_suffix
0000397a   html_page_length
0000b214   html_pass_form
0000b138   html_pass_prefix
0000b290   html_pass_suffix
00009b8a   html_reset
0000971a   html_send
0000b230   html_ssid_form
0000b172   html_ssid_prefix
0000b29c   html_ssid_suffix
0000ada0   html_submit_button
00009038   html_write
00003978   html_write_ptr
0000b0e4   http_header
0000397c   http_header_length
00009068   http_write
0000988c   in_command_mode
0000871c   in_main_mode
0000935a   in_setup_master_mode
000089f2   in_setup_mode
00009420   in_setup_slave_mode
000089a6   init_adc
00009aac   init_audio_sensor
00008770   init_buttons
00009208   init_clock
00008486   init_internal_wattage_sensor
000098a6   init_leds
00009d38   init_light_sensor
00009b20   init_pll
00009be4   init_relay
00008958   init_roving
00009bf2   init_temperature_sensor
000098c0   init_time
00009b9a   init_timer
00009b32   init_transmits
00009444   init_uart
0000399e   input_buffer
00003f78   inside_non_blocking_interrupt
00003fb4   internal_temperature_sensor
00003daa   ip
000092b4   is_associated
00009daa   is_connected
00008a84   is_delimiter
00009d42   is_prompt
00008d7e   is_valid_string
00003f7c   last_connect_time
00007824   leave_setup_mode
0000969e   led_ping
00003fa6   led_state
00003fba   light_sensor_A
00003fbc   light_sensor_B
000098da   loc_to_channel
000068e0   main
00003f8c   main_mode
00008004   malloc
00009b44   memcpy
00008db6   minit
00009a2c   multiply
00003e54   never_was_a_slave
00009738   new_action
00003f22   new_current
00003dca   new_host_ip
00003e53   new_host_ip_flag
00003e16   new_host_name
00003e52   new_host_name_flag
00009468   new_node
0000726a   new_one_time_sensor
00003ec2   new_pass
00003ee7   new_pass_flag
000074f0   new_sensor
00003e9e   new_ssid
00003ee6   new_ssid_flag
000092de   new_time
00008398   new_time_from_string
00009382   new_transmit_action
00003f1e   new_voltage
00003da2   newline
0000951a   node_append
00008dee   node_delete
0000948c   node_delete_list
00009154   node_delete_next
00009c00   node_get_next
00009ddc   node_get_val
000098f4   not_in_command_mode
00009a42   number_of_characters_in_string
00003eec   number_of_slaves
00003f7a   okay_to_transmit
00001c00   output_buffer
000063fc   parse_http_request
000060d2   parse_shemp_command
00005d6c   parse_string
00003e7a   pass
00003faa   ping_time
ffffffff   pinit
00003f0e   power_average
00003f0a   power_counter
00003f12   power_low_passed
00003f06   power_sum
00009308   prep_leds
00003da0   read_index
00008d44   read_number_from_string
00003372   read_ptr
00009c7e   ready_to_sample
00009db0   reset_ack
00009db6   reset_output_buffer
00003374   reset_output_flag
00008f36   reset_roving
0000996e   reset_setup_info
000094b0   roving_call_back
00007722   run_led_driver
000084f4   sample_enabled_sensors
00009c0e   sample_queued_sensors
00003f3c   sampling_state
00009098   send_command
00008c14   send_command_with_arg
000096be   send_data
00009804   send_ip
00003f04   send_next_current
00003f02   send_next_voltage
000093aa   sensor_add_action_on_data_full
00009820   sensor_clear_state
00007f5a   sensor_delete
00009756   sensor_delete_this
00009774   sensor_disable_this
00009792   sensor_enable_this
00009c1c   sensor_get_data_array
00009c2a   sensor_get_end_time
00009b56   sensor_get_loc
00009c38   sensor_get_old_array
00009c46   sensor_get_period
00009c54   sensor_get_size
00009c62   sensor_get_trigger_time
00009c8a   sensor_get_type
00003f38   sensor_list
00009986   sensor_set_delete_func
0000999e   sensor_set_disable_func
000099b6   sensor_set_enable_func
00003f79   server_wants_header
00009dbc   set_led_anim
00009ac0   set_relay
00003f80   setup_button_pressed
00003f84   setup_button_time_duration
00003f82   setup_button_time_trigger
00003eee   setup_connect_attempts
00003ee9   setup_found_master
00003ee8   setup_is_complete
00003eed   setup_join_attempts
00003efe   should_transmit_current
00003eff   should_transmit_voltage
00003f00   should_transmit_wattage
00003eea   slave_list
00003da4   socket_open
00003e56   ssid
00003f2a   stable_current
00003f26   stable_voltage
00003f2e   stable_wattage
00009dc2   start_sampling
00008818   start_setup_mode
00009dc8   stop_sampling
0000886a   store_data_point
000085be   store_uart_input
000099ce   strchr
000099e6   strcmp
00009182   string_starts_with
00009c70   strlen
00008fa2   swap_enabled_audio_sensor
00008e26   sync_wattage_sensors
00009de2   temp_lookup_table
0000397e   temp_varchar
00003f60   the_time
00003f6c   the_time_frozen
000094d4   time_clear
00008acc   time_cmp
00008f6c   time_copy
0000983c   time_delete
00009baa   time_set_clock_time
000090c8   time_set_current
00009b68   time_set_seconds
0000855a   time_set_to_sum
000086c6   time_tick
00009d4c   toggle_relay
000088ba   transmit_data
000087c4   transmit_header
00009dce   turn_on
000099fe   uart_send_array
00009ad4   uart_send_string
00009d54   update_leds
00003f01   voltage_is_interesting
00003efd   voltage_is_ready
00006abc   voltage_on_full
00003f1a   voltage_reference
00003ef8   voltage_sensor
00003f34   voltage_settling_counter
00009ae8   wait
000093d2   wait_for
00003efa   wattage_sensor
00003f32   wattage_settling_counter
00009c96   write_2_bytes_to_string
00003d9e   write_index
00007ae8   write_int_to_string
00003370   write_ptr
00006c88   write_time_to_string


GLOBAL SYMBOLS: SORTED BY Symbol Address 

address    name
--------   ----
00000001   __TI_args_main
00000001   __TI_auto_init
00000001   __TI_exit
00000100   SFRIE1
00000100   SFRIE1_L
00000101   SFRIE1_H
00000102   SFRIFG1
00000102   SFRIFG1_L
00000103   SFRIFG1_H
00000104   SFRRPCR
00000104   SFRRPCR_L
00000105   SFRRPCR_H
00000120   PMMCTL0
00000120   PMMCTL0_L
00000121   PMMCTL0_H
00000122   PMMCTL1
00000122   PMMCTL1_L
00000123   PMMCTL1_H
00000124   SVSMHCTL
00000124   SVSMHCTL_L
00000125   SVSMHCTL_H
00000126   SVSMLCTL
00000126   SVSMLCTL_L
00000127   SVSMLCTL_H
00000128   SVSMIO
00000128   SVSMIO_L
00000129   SVSMIO_H
0000012c   PMMIFG
0000012c   PMMIFG_L
0000012d   PMMIFG_H
0000012e   PMMRIE
0000012e   PMMRIE_L
0000012f   PMMRIE_H
00000130   PM5CTL0
00000130   PM5CTL0_L
00000131   PM5CTL0_H
00000140   FCTL1
00000140   FCTL1_L
00000141   FCTL1_H
00000144   FCTL3
00000144   FCTL3_L
00000145   FCTL3_H
00000146   FCTL4
00000146   FCTL4_L
00000147   FCTL4_H
00000150   CRCDI
00000150   CRCDI_L
00000151   CRCDI_H
00000152   CRCDIRB
00000152   CRCDIRB_L
00000153   CRCDIRB_H
00000154   CRCINIRES
00000154   CRCINIRES_L
00000155   CRCINIRES_H
00000156   CRCRESR
00000156   CRCRESR_L
00000157   CRCRESR_H
00000158   RCCTL0
00000158   RCCTL0_L
00000159   RCCTL0_H
0000015c   WDTCTL
0000015c   WDTCTL_L
0000015d   WDTCTL_H
00000160   UCSCTL0
00000160   UCSCTL0_L
00000161   UCSCTL0_H
00000162   UCSCTL1
00000162   UCSCTL1_L
00000163   UCSCTL1_H
00000164   UCSCTL2
00000164   UCSCTL2_L
00000165   UCSCTL2_H
00000166   UCSCTL3
00000166   UCSCTL3_L
00000167   UCSCTL3_H
00000168   UCSCTL4
00000168   UCSCTL4_L
00000169   UCSCTL4_H
0000016a   UCSCTL5
0000016a   UCSCTL5_L
0000016b   UCSCTL5_H
0000016c   UCSCTL6
0000016c   UCSCTL6_L
0000016d   UCSCTL6_H
0000016e   UCSCTL7
0000016e   UCSCTL7_L
0000016f   UCSCTL7_H
00000170   UCSCTL8
00000170   UCSCTL8_L
00000171   UCSCTL8_H
00000180   SYSCTL
00000180   SYSCTL_L
00000181   SYSCTL_H
00000182   SYSBSLC
00000182   SYSBSLC_L
00000183   SYSBSLC_H
00000186   SYSJMBC
00000186   SYSJMBC_L
00000187   SYSJMBC_H
00000188   SYSJMBI0
00000188   SYSJMBI0_L
00000189   SYSJMBI0_H
0000018a   SYSJMBI1
0000018a   SYSJMBI1_L
0000018b   SYSJMBI1_H
0000018c   SYSJMBO0
0000018c   SYSJMBO0_L
0000018d   SYSJMBO0_H
0000018e   SYSJMBO1
0000018e   SYSJMBO1_L
0000018f   SYSJMBO1_H
00000198   SYSBERRIV
00000198   SYSBERRIV_L
00000199   SYSBERRIV_H
0000019a   SYSUNIV
0000019a   SYSUNIV_L
0000019b   SYSUNIV_H
0000019c   SYSSNIV
0000019c   SYSSNIV_L
0000019d   SYSSNIV_H
0000019e   SYSRSTIV
0000019e   SYSRSTIV_L
0000019f   SYSRSTIV_H
000001b0   REFCTL0
000001b0   REFCTL0_L
000001b1   REFCTL0_H
00000200   PAIN
00000200   PAIN_L
00000201   PAIN_H
00000202   PAOUT
00000202   PAOUT_L
00000203   PAOUT_H
00000204   PADIR
00000204   PADIR_L
00000205   PADIR_H
00000206   PAREN
00000206   PAREN_L
00000207   PAREN_H
00000208   PADS
00000208   PADS_L
00000209   PADS_H
0000020a   PASEL
0000020a   PASEL_L
0000020b   PASEL_H
0000020e   P1IV
00000218   PAIES
00000218   PAIES_L
00000219   PAIES_H
0000021a   PAIE
0000021a   PAIE_L
0000021b   PAIE_H
0000021c   PAIFG
0000021c   PAIFG_L
0000021d   PAIFG_H
0000021e   P2IV
00000220   PBIN
00000220   PBIN_L
00000221   PBIN_H
00000222   PBOUT
00000222   PBOUT_L
00000223   PBOUT_H
00000224   PBDIR
00000224   PBDIR_L
00000225   PBDIR_H
00000226   PBREN
00000226   PBREN_L
00000227   PBREN_H
00000228   PBDS
00000228   PBDS_L
00000229   PBDS_H
0000022a   PBSEL
0000022a   PBSEL_L
0000022b   PBSEL_H
00000240   PCIN
00000240   PCIN_L
00000241   PCIN_H
00000242   PCOUT
00000242   PCOUT_L
00000243   PCOUT_H
00000244   PCDIR
00000244   PCDIR_L
00000245   PCDIR_H
00000246   PCREN
00000246   PCREN_L
00000247   PCREN_H
00000248   PCDS
00000248   PCDS_L
00000249   PCDS_H
0000024a   PCSEL
0000024a   PCSEL_L
0000024b   PCSEL_H
00000260   PDIN
00000260   PDIN_L
00000261   PDIN_H
00000262   PDOUT
00000262   PDOUT_L
00000263   PDOUT_H
00000264   PDDIR
00000264   PDDIR_L
00000265   PDDIR_H
00000266   PDREN
00000266   PDREN_L
00000267   PDREN_H
00000268   PDDS
00000268   PDDS_L
00000269   PDDS_H
0000026a   PDSEL
0000026a   PDSEL_L
0000026b   PDSEL_H
00000280   PEIN
00000280   PEIN_L
00000281   PEIN_H
00000282   PEOUT
00000282   PEOUT_L
00000283   PEOUT_H
00000284   PEDIR
00000284   PEDIR_L
00000285   PEDIR_H
00000286   PEREN
00000286   PEREN_L
00000287   PEREN_H
00000288   PEDS
00000288   PEDS_L
00000289   PEDS_H
0000028a   PESEL
0000028a   PESEL_L
0000028b   PESEL_H
000002a0   PFIN
000002a0   PFIN_L
000002a1   PFIN_H
000002a2   PFOUT
000002a2   PFOUT_L
000002a3   PFOUT_H
000002a4   PFDIR
000002a4   PFDIR_L
000002a5   PFDIR_H
000002a6   PFREN
000002a6   PFREN_L
000002a7   PFREN_H
000002a8   PFDS
000002a8   PFDS_L
000002a9   PFDS_H
000002aa   PFSEL
000002aa   PFSEL_L
000002ab   PFSEL_H
00000300   __STACK_SIZE
00000320   PJIN
00000320   PJIN_L
00000321   PJIN_H
00000322   PJOUT
00000322   PJOUT_L
00000323   PJOUT_H
00000324   PJDIR
00000324   PJDIR_L
00000325   PJDIR_H
00000326   PJREN
00000326   PJREN_L
00000327   PJREN_H
00000328   PJDS
00000328   PJDS_L
00000329   PJDS_H
00000340   TA0CTL
00000342   TA0CCTL0
00000344   TA0CCTL1
00000346   TA0CCTL2
00000348   TA0CCTL3
0000034a   TA0CCTL4
00000350   TA0R
00000352   TA0CCR0
00000354   TA0CCR1
00000356   TA0CCR2
00000358   TA0CCR3
0000035a   TA0CCR4
00000360   TA0EX0
0000036e   TA0IV
00000380   TA1CTL
00000382   TA1CCTL0
00000384   TA1CCTL1
00000386   TA1CCTL2
00000390   TA1R
00000392   TA1CCR0
00000394   TA1CCR1
00000396   TA1CCR2
000003a0   TA1EX0
000003ae   TA1IV
000003c0   TB0CTL
000003c2   TB0CCTL0
000003c4   TB0CCTL1
000003c6   TB0CCTL2
000003c8   TB0CCTL3
000003ca   TB0CCTL4
000003cc   TB0CCTL5
000003ce   TB0CCTL6
000003d0   TB0R
000003d2   TB0CCR0
000003d4   TB0CCR1
000003d6   TB0CCR2
000003d8   TB0CCR3
000003da   TB0CCR4
000003dc   TB0CCR5
000003de   TB0CCR6
000003e0   TB0EX0
000003ee   TB0IV
000004a0   RTCCTL01
000004a0   RTCCTL01_L
000004a1   RTCCTL01_H
000004a2   RTCCTL23
000004a2   RTCCTL23_L
000004a3   RTCCTL23_H
000004a8   RTCPS0CTL
000004a8   RTCPS0CTL_L
000004a9   RTCPS0CTL_H
000004aa   RTCPS1CTL
000004aa   RTCPS1CTL_L
000004ab   RTCPS1CTL_H
000004ac   RTCPS
000004ac   RTCPS_L
000004ad   RTCPS_H
000004ae   RTCIV
000004b0   RTCTIM0
000004b0   RTCTIM0_L
000004b1   RTCTIM0_H
000004b2   RTCTIM1
000004b2   RTCTIM1_L
000004b3   RTCTIM1_H
000004b4   RTCDATE
000004b4   RTCDATE_L
000004b5   RTCDATE_H
000004b6   RTCYEAR
000004b6   RTCYEAR_L
000004b7   RTCYEAR_H
000004b8   RTCAMINHR
000004b8   RTCAMINHR_L
000004b9   RTCAMINHR_H
000004ba   RTCADOWDAY
000004ba   RTCADOWDAY_L
000004bb   RTCADOWDAY_H
000004c0   MPY
000004c0   MPY_L
000004c1   MPY_H
000004c2   MPYS
000004c2   MPYS_L
000004c3   MPYS_H
000004c4   MAC
000004c4   MAC_L
000004c5   MAC_H
000004c6   MACS
000004c6   MACS_L
000004c7   MACS_H
000004c8   OP2
000004c8   OP2_L
000004c9   OP2_H
000004ca   RESLO
000004ca   RESLO_L
000004cb   RESLO_H
000004cc   RESHI
000004cc   RESHI_L
000004cd   RESHI_H
000004ce   SUMEXT
000004ce   SUMEXT_L
000004cf   SUMEXT_H
000004d0   MPY32L
000004d0   MPY32L_L
000004d1   MPY32L_H
000004d2   MPY32H
000004d2   MPY32H_L
000004d3   MPY32H_H
000004d4   MPYS32L
000004d4   MPYS32L_L
000004d5   MPYS32L_H
000004d6   MPYS32H
000004d6   MPYS32H_L
000004d7   MPYS32H_H
000004d8   MAC32L
000004d8   MAC32L_L
000004d9   MAC32L_H
000004da   MAC32H
000004da   MAC32H_L
000004db   MAC32H_H
000004dc   MACS32L
000004dc   MACS32L_L
000004dd   MACS32L_H
000004de   MACS32H
000004de   MACS32H_L
000004df   MACS32H_H
000004e0   OP2L
000004e0   OP2L_L
000004e1   OP2L_H
000004e2   OP2H
000004e2   OP2H_L
000004e3   OP2H_H
000004e4   RES0
000004e4   RES0_L
000004e5   RES0_H
000004e6   RES1
000004e6   RES1_L
000004e7   RES1_H
000004e8   RES2
000004e8   RES2_L
000004e9   RES2_H
000004ea   RES3
000004ea   RES3_L
000004eb   RES3_H
000004ec   MPY32CTL0
000004ec   MPY32CTL0_L
000004ed   MPY32CTL0_H
00000500   DMACTL0
00000500   DMACTL0_L
00000501   DMACTL0_H
00000502   DMACTL1
00000502   DMACTL1_L
00000503   DMACTL1_H
00000504   DMACTL2
00000504   DMACTL2_L
00000505   DMACTL2_H
00000506   DMACTL3
00000506   DMACTL3_L
00000507   DMACTL3_H
00000508   DMACTL4
00000508   DMACTL4_L
00000509   DMACTL4_H
0000050e   DMAIV
0000050e   DMAIV_L
0000050f   DMAIV_H
00000510   DMA0CTL
00000510   DMA0CTL_L
00000511   DMA0CTL_H
00000512   DMA0SA
00000512   DMA0SAL
00000516   DMA0DA
00000516   DMA0DAL
0000051a   DMA0SZ
00000520   DMA1CTL
00000520   DMA1CTL_L
00000521   DMA1CTL_H
00000522   DMA1SA
00000522   DMA1SAL
00000526   DMA1DA
00000526   DMA1DAL
0000052a   DMA1SZ
00000530   DMA2CTL
00000530   DMA2CTL_L
00000531   DMA2CTL_H
00000532   DMA2SA
00000532   DMA2SAL
00000536   DMA2DA
00000536   DMA2DAL
0000053a   DMA2SZ
000005c0   UCA0CTLW0
000005c0   UCA0CTLW0_L
000005c1   UCA0CTLW0_H
000005c6   UCA0BRW
000005c6   UCA0BRW_L
000005c7   UCA0BRW_H
000005c8   UCA0MCTL
000005ca   UCA0STAT
000005cc   UCA0RXBUF
000005ce   UCA0TXBUF
000005d0   UCA0ABCTL
000005d2   UCA0IRCTL
000005d2   UCA0IRCTL_L
000005d3   UCA0IRCTL_H
000005dc   UCA0ICTL
000005dc   UCA0ICTL_L
000005dd   UCA0ICTL_H
000005de   UCA0IV
000005e0   UCB0CTLW0
000005e0   UCB0CTLW0_L
000005e1   UCB0CTLW0_H
000005e6   UCB0BRW
000005e6   UCB0BRW_L
000005e7   UCB0BRW_H
000005ea   UCB0STAT
000005ec   UCB0RXBUF
000005ee   UCB0TXBUF
000005f0   UCB0I2COA
000005f0   UCB0I2COA_L
000005f1   UCB0I2COA_H
000005f2   UCB0I2CSA
000005f2   UCB0I2CSA_L
000005f3   UCB0I2CSA_H
000005fc   UCB0ICTL
000005fc   UCB0ICTL_L
000005fd   UCB0ICTL_H
000005fe   UCB0IV
00000600   UCA1CTLW0
00000600   UCA1CTLW0_L
00000601   UCA1CTLW0_H
00000606   UCA1BRW
00000606   UCA1BRW_L
00000607   UCA1BRW_H
00000608   UCA1MCTL
0000060a   UCA1STAT
0000060c   UCA1RXBUF
0000060e   UCA1TXBUF
00000610   UCA1ABCTL
00000612   UCA1IRCTL
00000612   UCA1IRCTL_L
00000613   UCA1IRCTL_H
0000061c   UCA1ICTL
0000061c   UCA1ICTL_L
0000061d   UCA1ICTL_H
0000061e   UCA1IV
00000620   UCB1CTLW0
00000620   UCB1CTLW0_L
00000621   UCB1CTLW0_H
00000626   UCB1BRW
00000626   UCB1BRW_L
00000627   UCB1BRW_H
0000062a   UCB1STAT
0000062c   UCB1RXBUF
0000062e   UCB1TXBUF
00000630   UCB1I2COA
00000630   UCB1I2COA_L
00000631   UCB1I2COA_H
00000632   UCB1I2CSA
00000632   UCB1I2CSA_L
00000633   UCB1I2CSA_H
0000063c   UCB1ICTL
0000063c   UCB1ICTL_L
0000063d   UCB1ICTL_H
0000063e   UCB1IV
00000640   UCA2CTLW0
00000640   UCA2CTLW0_L
00000641   UCA2CTLW0_H
00000646   UCA2BRW
00000646   UCA2BRW_L
00000647   UCA2BRW_H
00000648   UCA2MCTL
0000064a   UCA2STAT
0000064c   UCA2RXBUF
0000064e   UCA2TXBUF
00000650   UCA2ABCTL
00000652   UCA2IRCTL
00000652   UCA2IRCTL_L
00000653   UCA2IRCTL_H
0000065c   UCA2ICTL
0000065c   UCA2ICTL_L
0000065d   UCA2ICTL_H
0000065e   UCA2IV
00000660   UCB2CTLW0
00000660   UCB2CTLW0_L
00000661   UCB2CTLW0_H
00000666   UCB2BRW
00000666   UCB2BRW_L
00000667   UCB2BRW_H
0000066a   UCB2STAT
0000066c   UCB2RXBUF
0000066e   UCB2TXBUF
00000670   UCB2I2COA
00000670   UCB2I2COA_L
00000671   UCB2I2COA_H
00000672   UCB2I2CSA
00000672   UCB2I2CSA_L
00000673   UCB2I2CSA_H
0000067c   UCB2ICTL
0000067c   UCB2ICTL_L
0000067d   UCB2ICTL_H
0000067e   UCB2IV
00000680   UCA3CTLW0
00000680   UCA3CTLW0_L
00000681   UCA3CTLW0_H
00000686   UCA3BRW
00000686   UCA3BRW_L
00000687   UCA3BRW_H
00000688   UCA3MCTL
0000068a   UCA3STAT
0000068c   UCA3RXBUF
0000068e   UCA3TXBUF
00000690   UCA3ABCTL
00000692   UCA3IRCTL
00000692   UCA3IRCTL_L
00000693   UCA3IRCTL_H
0000069c   UCA3ICTL
0000069c   UCA3ICTL_L
0000069d   UCA3ICTL_H
0000069e   UCA3IV
000006a0   UCB3CTLW0
000006a0   UCB3CTLW0_L
000006a1   UCB3CTLW0_H
000006a6   UCB3BRW
000006a6   UCB3BRW_L
000006a7   UCB3BRW_H
000006aa   UCB3STAT
000006ac   UCB3RXBUF
000006ae   UCB3TXBUF
000006b0   UCB3I2COA
000006b0   UCB3I2COA_L
000006b1   UCB3I2COA_H
000006b2   UCB3I2CSA
000006b2   UCB3I2CSA_L
000006b3   UCB3I2CSA_H
000006bc   UCB3ICTL
000006bc   UCB3ICTL_L
000006bd   UCB3ICTL_H
000006be   UCB3IV
00000700   ADC12CTL0
00000700   ADC12CTL0_L
00000701   ADC12CTL0_H
00000702   ADC12CTL1
00000702   ADC12CTL1_L
00000703   ADC12CTL1_H
00000704   ADC12CTL2
00000704   ADC12CTL2_L
00000705   ADC12CTL2_H
0000070a   ADC12IFG
0000070a   ADC12IFG_L
0000070b   ADC12IFG_H
0000070c   ADC12IE
0000070c   ADC12IE_L
0000070d   ADC12IE_H
0000070e   ADC12IV
0000070e   ADC12IV_L
0000070f   ADC12IV_H
00000710   ADC12MCTL0
00000711   ADC12MCTL1
00000712   ADC12MCTL2
00000713   ADC12MCTL3
00000714   ADC12MCTL4
00000715   ADC12MCTL5
00000716   ADC12MCTL6
00000717   ADC12MCTL7
00000718   ADC12MCTL8
00000719   ADC12MCTL9
0000071a   ADC12MCTL10
0000071b   ADC12MCTL11
0000071c   ADC12MCTL12
0000071d   ADC12MCTL13
0000071e   ADC12MCTL14
0000071f   ADC12MCTL15
00000720   ADC12MEM0
00000720   ADC12MEM0_L
00000721   ADC12MEM0_H
00000722   ADC12MEM1
00000722   ADC12MEM1_L
00000723   ADC12MEM1_H
00000724   ADC12MEM2
00000724   ADC12MEM2_L
00000725   ADC12MEM2_H
00000726   ADC12MEM3
00000726   ADC12MEM3_L
00000727   ADC12MEM3_H
00000728   ADC12MEM4
00000728   ADC12MEM4_L
00000729   ADC12MEM4_H
0000072a   ADC12MEM5
0000072a   ADC12MEM5_L
0000072b   ADC12MEM5_H
0000072c   ADC12MEM6
0000072c   ADC12MEM6_L
0000072d   ADC12MEM6_H
0000072e   ADC12MEM7
0000072e   ADC12MEM7_L
0000072f   ADC12MEM7_H
00000730   ADC12MEM8
00000730   ADC12MEM8_L
00000731   ADC12MEM8_H
00000732   ADC12MEM9
00000732   ADC12MEM9_L
00000733   ADC12MEM9_H
00000734   ADC12MEM10
00000734   ADC12MEM10_L
00000735   ADC12MEM10_H
00000736   ADC12MEM11
00000736   ADC12MEM11_L
00000737   ADC12MEM11_H
00000738   ADC12MEM12
00000738   ADC12MEM12_L
00000739   ADC12MEM12_H
0000073a   ADC12MEM13
0000073a   ADC12MEM13_L
0000073b   ADC12MEM13_H
0000073c   ADC12MEM14
0000073c   ADC12MEM14_L
0000073d   ADC12MEM14_H
0000073e   ADC12MEM15
0000073e   ADC12MEM15_L
0000073f   ADC12MEM15_H
00001800   __SYSMEM_SIZE
00001c00   .bss
00001c00   __bss__
00001c00   output_buffer
00003370   write_ptr
00003372   read_ptr
00003374   reset_output_flag
00003375   hold_transmit_flag
00003376   header
00003394   html_number_of_slaves_field
0000339c   html_buffer
00003978   html_write_ptr
0000397a   html_page_length
0000397c   http_header_length
0000397e   temp_varchar
0000399e   input_buffer
00003d9e   write_index
00003da0   read_index
00003da2   newline
00003da3   command_mode
00003da4   socket_open
00003da6   config_mode
00003da8   assoc
00003da9   dhcp
00003daa   ip
00003dba   host_ip
00003dca   new_host_ip
00003dda   host_name
00003e16   new_host_name
00003e52   new_host_name_flag
00003e53   new_host_ip_flag
00003e54   never_was_a_slave
00003e56   ssid
00003e7a   pass
00003e9e   new_ssid
00003ec2   new_pass
00003ee6   new_ssid_flag
00003ee7   new_pass_flag
00003ee8   setup_is_complete
00003ee9   setup_found_master
00003eea   slave_list
00003eec   number_of_slaves
00003eed   setup_join_attempts
00003eee   setup_connect_attempts
00003eef   have_ack_flag
00003ef0   has_prompt
00003ef2   call_back
00003ef6   current_sensor
00003ef8   voltage_sensor
00003efa   wattage_sensor
00003efc   current_is_ready
00003efd   voltage_is_ready
00003efe   should_transmit_current
00003eff   should_transmit_voltage
00003f00   should_transmit_wattage
00003f01   voltage_is_interesting
00003f02   send_next_voltage
00003f03   current_is_interesting
00003f04   send_next_current
00003f06   power_sum
00003f0a   power_counter
00003f0e   power_average
00003f12   power_low_passed
00003f16   current_reference
00003f1a   voltage_reference
00003f1e   new_voltage
00003f22   new_current
00003f26   stable_voltage
00003f2a   stable_current
00003f2e   stable_wattage
00003f32   wattage_settling_counter
00003f34   voltage_settling_counter
00003f36   current_settling_counter
00003f38   sensor_list
00003f3a   end_of_sequence
00003f3c   sampling_state
00003f3e   ADC12_SENSORS
00003f5e   ADC12MEMX
00003f60   the_time
00003f6c   the_time_frozen
00003f78   inside_non_blocking_interrupt
00003f79   server_wants_header
00003f7a   okay_to_transmit
00003f7c   last_connect_time
00003f7e   check_in_period
00003f80   setup_button_pressed
00003f82   setup_button_time_trigger
00003f84   setup_button_time_duration
00003f86   aux_sensor
00003f8a   aux_sensor_enabled
00003f8c   main_mode
00003f8e   _lock
00003f92   _unlock
00003f96   __TI_cleanup_ptr
00003f9a   __TI_dtors_ptr
00003fa6   led_state
00003fa8   cur_time
00003faa   ping_time
00003fac   LEDOUT_temp
00003fae   audio_sensor_lofi
00003fb0   audio_sensor_hifi
00003fb2   audio_sensor_is_hifi
00003fb3   audio_cool_down_counter
00003fb4   internal_temperature_sensor
00003fb6   external_temperature_sensor_A
00003fb8   external_temperature_sensor_B
00003fba   light_sensor_A
00003fbc   light_sensor_B
00003fbe   __end__
00003fbe   end
00003fc0   _sys_memory
00005900   _stack
00005c00   Port1GPIOHandler
00005c00   __STACK_END
00005c98   Port2GPIOHandler
00005cee   _c_int00
00005cee   _c_int00_noexit
00005d18   USCI_A2_ISR
00005d2c   ADC12_ISR
00005d36   __cinit__
00005d36   cinit
00005d6c   parse_string
000060d2   parse_shemp_command
000063fc   parse_http_request
000066ea   current_on_full
000068e0   main
00006abc   voltage_on_full
00006c88   write_time_to_string
00006e34   encode_data_and_old_data_for_transmit
00006fc6   create_audio_sensor
00007118   encode_data_for_transmit
0000726a   new_one_time_sensor
000073b6   create_temperature_sensor
000074f0   new_sensor
0000761a   alert_slaves
00007722   run_led_driver
00007824   leave_setup_mode
00007922   calculate_wattage
00007a12   do_setup
00007ae8   write_int_to_string
00007bb8   SetVCoreUp
00007c82   create_light_sensor
00007d4a   create_internal_wattage_sensor
00007e02   detect_audio_use
00007eae   html_GET
00007f5a   sensor_delete
00008004   malloc
000080aa   handle_roving_input
0000814c   SetVCoreDown
000081e8   create_internal_current_sensor
00008280   create_internal_voltage_sensor
00008318   free
00008398   new_time_from_string
00008418   fix_time
00008486   init_internal_wattage_sensor
000084f4   sample_enabled_sensors
0000855a   time_set_to_sum
000085be   store_uart_input
00008618   __divul
00008618   __remul
00008670   add_to_slaves
000086c6   time_tick
0000871c   in_main_mode
00008770   init_buttons
000087c4   transmit_header
00008818   start_setup_mode
0000886a   store_data_point
000088ba   transmit_data
0000890a   host_setup_mode
00008958   init_roving
000089a6   init_adc
000089f2   in_setup_mode
00008a3c   _auto_init
00008a84   is_delimiter
00008acc   time_cmp
00008b12   fix_temperature
00008b54   SetVCore
00008b94   enter_command_mode
00008bd4   __divli
00008bd4   __remli
00008c14   send_command_with_arg
00008c54   L_ASR_15
00008c58   L_ASR_14
00008c5c   L_ASR_13
00008c60   L_ASR_12
00008c64   L_ASR_11
00008c68   L_ASR_10
00008c6c   L_ASR_9
00008c70   L_ASR_8
00008c74   L_ASR_7
00008c78   L_ASR_6
00008c7c   L_ASR_5
00008c80   L_ASR_4
00008c84   L_ASR_3
00008c88   L_ASR_2
00008c8c   L_ASR_1
00008c92   L_LSR_15
00008c96   L_LSR_14
00008c9a   L_LSR_13
00008c9e   L_LSR_12
00008ca2   L_LSR_11
00008ca6   L_LSR_10
00008caa   L_LSR_9
00008cae   L_LSR_8
00008cb2   L_LSR_7
00008cb6   L_LSR_6
00008cba   L_LSR_5
00008cbe   L_LSR_4
00008cc2   L_LSR_3
00008cc6   L_LSR_2
00008cca   L_LSR_1
00008cd0   add_time_to_time
00008d0a   blink_fast
00008d44   read_number_from_string
00008d7e   is_valid_string
00008db6   minit
00008dee   node_delete
00008e26   sync_wattage_sensors
00008e5e   disconnect
00008e94   enable_sensor
00008eca   exit_command_mode
00008f00   handle_full_sensors
00008f36   reset_roving
00008f6c   time_copy
00008fa2   swap_enabled_audio_sensor
00008fd6   handle_adc_interrupt
00009008   check_time
00009038   html_write
00009068   http_write
00009098   send_command
000090c8   time_set_current
000090f8   delete_internal_wattage_sensor
00009126   disable_sensor_args
00009154   node_delete_next
00009182   string_starts_with
000091b0   action_delete
000091dc   button2_toggled
00009208   init_clock
00009234   __divi
00009234   __remi
00009260   connect
0000928a   global_time
000092b4   is_associated
000092de   new_time
00009308   prep_leds
00009332   enable_internal_wattage_sensor
0000935a   in_setup_master_mode
00009382   new_transmit_action
000093aa   sensor_add_action_on_data_full
000093d2   wait_for
000093fa   action_delete_list
00009420   in_setup_slave_mode
00009444   init_uart
00009468   new_node
0000948c   node_delete_list
000094b0   roving_call_back
000094d4   time_clear
000094f8   action_append_action
0000951a   node_append
0000953c   __mpyl_f5hw
0000955e   add_new_host_ip
0000957e   add_new_host_name
0000959e   add_new_pass
000095be   add_new_ssid
000095de   delete_internal_current_sensor
000095fe   delete_internal_voltage_sensor
0000961e   disable_internal_current_sensor
0000963e   disable_internal_voltage_sensor
0000965e   enable_internal_current_sensor
0000967e   enable_internal_voltage_sensor
0000969e   led_ping
000096be   send_data
000096de   get_celcius
000096fc   get_dhcp
0000971a   html_send
00009738   new_action
00009756   sensor_delete_this
00009774   sensor_disable_this
00009792   sensor_enable_this
000097b0   channel_to_loc
000097cc   disable_internal_wattage_sensor
000097e8   do_actions
00009804   send_ip
00009820   sensor_clear_state
0000983c   time_delete
00009858   does_has_prompt
00009872   have_ack
0000988c   in_command_mode
000098a6   init_leds
000098c0   init_time
000098da   loc_to_channel
000098f4   not_in_command_mode
0000990e   action_set_args
00009926   action_set_func
0000993e   enable_audio_sensor
00009956   have_data_to_transmit
0000996e   reset_setup_info
00009986   sensor_set_delete_func
0000999e   sensor_set_disable_func
000099b6   sensor_set_enable_func
000099ce   strchr
000099e6   strcmp
000099fe   uart_send_array
00009a16   blink_slow_sliding
00009a2c   multiply
00009a42   number_of_characters_in_string
00009a58   __divu
00009a58   __remu
00009a6e   __mpyi_f5hw
00009a84   delete_audio_sensor
00009a98   disable_audio_sensor
00009aac   init_audio_sensor
00009ac0   set_relay
00009ad4   uart_send_string
00009ae8   wait
00009afc   done_setup
00009b0e   have_dhcp
00009b20   init_pll
00009b32   init_transmits
00009b44   memcpy
00009b56   sensor_get_loc
00009b68   time_set_seconds
00009b7a   disable_sensor
00009b8a   html_reset
00009b9a   init_timer
00009baa   time_set_clock_time
00009bba   blink_slow
00009bc8   blink_slow_alternating
00009bd6   do_non_blocking_interrupt
00009be4   init_relay
00009bf2   init_temperature_sensor
00009c00   node_get_next
00009c0e   sample_queued_sensors
00009c1c   sensor_get_data_array
00009c2a   sensor_get_end_time
00009c38   sensor_get_old_array
00009c46   sensor_get_period
00009c54   sensor_get_size
00009c62   sensor_get_trigger_time
00009c70   strlen
00009c7e   ready_to_sample
00009c8a   sensor_get_type
00009c96   write_2_bytes_to_string
00009ca2   delete_external_temperature_sensor_A
00009cac   delete_external_temperature_sensor_B
00009cb6   delete_internal_temperature_sensor
00009cc0   delete_light_sensor_A
00009cca   delete_light_sensor_B
00009cd4   disable_external_temperature_sensor_A
00009cde   disable_external_temperature_sensor_B
00009ce8   disable_internal_temperature_sensor
00009cf2   disable_light_sensor_A
00009cfc   disable_light_sensor_B
00009d06   enable_external_temperature_sensor_A
00009d10   enable_external_temperature_sensor_B
00009d1a   enable_internal_temperature_sensor
00009d24   enable_light_sensor_A
00009d2e   enable_light_sensor_B
00009d38   init_light_sensor
00009d42   is_prompt
00009d4c   button1_toggled
00009d4c   toggle_relay
00009d54   update_leds
00009d5c   associate
00009d62   complete_setup
00009d68   continue_transmits
00009d6e   get_new_host_ip
00009d74   get_new_host_name
00009d7a   get_new_pass
00009d80   get_new_ssid
00009d86   get_number_of_slaves
00009d8c   have_new_host_ip
00009d92   have_new_host_name
00009d98   have_new_pass
00009d9e   have_new_ssid
00009da4   hold_transmits
00009daa   is_connected
00009db0   reset_ack
00009db6   reset_output_buffer
00009dbc   set_led_anim
00009dc2   start_sampling
00009dc8   stop_sampling
00009dce   turn_on
00009dd4   _system_pre_init
00009dd8   C$$EXIT
00009dd8   abort
00009ddc   node_get_val
00009de0   _nop
00009de2   temp_lookup_table
0000ada0   html_submit_button
0000ae38   html_header_02
0000aec2   html_header_01
0000af3c   html_instructions_01
0000afac   html_instructions_02
0000b01c   html_header_03
0000b084   html_number_of_slaves_prefix
0000b0e4   http_header
0000b138   html_pass_prefix
0000b172   html_ssid_prefix
0000b1a8   html_host_ip_prefix
0000b1da   html_footer
0000b1f8   html_host_ip_form
0000b214   html_pass_form
0000b230   html_ssid_form
0000b266   html_input_error
0000b278   html_host_ip_suffix
0000b284   html_number_of_slaves_suffix
0000b290   html_pass_suffix
0000b29c   html_ssid_suffix
0000b2a8   SERIAL_NUMBER
0000ffd4   __TI_int42
0000ffde   __TI_int47
0000ffe8   __TI_int52
0000ffee   __TI_int55
0000fffe   _reset_vector
ffffffff   .text
ffffffff   __binit__
ffffffff   __c_args__
ffffffff   __etext__
ffffffff   __pinit__
ffffffff   __text__
ffffffff   binit
ffffffff   etext
ffffffff   pinit

[1102 symbols]
