<?xml version="1.0"?>
<link_info>
   <banner>MSP430 Linker PC v4.2.1</banner>
   <copyright>Copyright (c) 2003-2013 Texas Instruments Incorporated</copyright>
   <link_time>0x5293dc16</link_time>
   <link_errors>0x0</link_errors>
   <output_file>SHEMP - 2.2 DNS.out</output_file>
   <entry_point>
      <name>_c_int00</name>
      <address>0x5cee</address>
   </entry_point>
   <input_file_list>
      <input_file id="fl-2">
         <path>.\</path>
         <kind>object</kind>
         <file>wattage_sensor.obj</file>
         <name>wattage_sensor.obj</name>
      </input_file>
      <input_file id="fl-3">
         <path>.\</path>
         <kind>object</kind>
         <file>uart.obj</file>
         <name>uart.obj</name>
      </input_file>
      <input_file id="fl-4">
         <path>.\</path>
         <kind>object</kind>
         <file>time.obj</file>
         <name>time.obj</name>
      </input_file>
      <input_file id="fl-5">
         <path>.\</path>
         <kind>object</kind>
         <file>temperature_sensor.obj</file>
         <name>temperature_sensor.obj</name>
      </input_file>
      <input_file id="fl-6">
         <path>.\</path>
         <kind>object</kind>
         <file>shempserver.obj</file>
         <name>shempserver.obj</name>
      </input_file>
      <input_file id="fl-7">
         <path>.\</path>
         <kind>object</kind>
         <file>sensors.obj</file>
         <name>sensors.obj</name>
      </input_file>
      <input_file id="fl-8">
         <path>.\</path>
         <kind>object</kind>
         <file>roving.obj</file>
         <name>roving.obj</name>
      </input_file>
      <input_file id="fl-9">
         <path>.\</path>
         <kind>object</kind>
         <file>main.obj</file>
         <name>main.obj</name>
      </input_file>
      <input_file id="fl-a">
         <path>.\</path>
         <kind>object</kind>
         <file>linked_list.obj</file>
         <name>linked_list.obj</name>
      </input_file>
      <input_file id="fl-b">
         <path>.\</path>
         <kind>object</kind>
         <file>light_sensor.obj</file>
         <name>light_sensor.obj</name>
      </input_file>
      <input_file id="fl-c">
         <path>.\</path>
         <kind>object</kind>
         <file>leds.obj</file>
         <name>leds.obj</name>
      </input_file>
      <input_file id="fl-d">
         <path>.\</path>
         <kind>object</kind>
         <file>html.obj</file>
         <name>html.obj</name>
      </input_file>
      <input_file id="fl-e">
         <path>.\</path>
         <kind>object</kind>
         <file>hal_pmm.obj</file>
         <name>hal_pmm.obj</name>
      </input_file>
      <input_file id="fl-f">
         <path>.\</path>
         <kind>object</kind>
         <file>events.obj</file>
         <name>events.obj</name>
      </input_file>
      <input_file id="fl-10">
         <path>.\</path>
         <kind>object</kind>
         <file>auxlib.obj</file>
         <name>auxlib.obj</name>
      </input_file>
      <input_file id="fl-11">
         <path>.\</path>
         <kind>object</kind>
         <file>audio_sensor.obj</file>
         <name>audio_sensor.obj</name>
      </input_file>
      <input_file id="fl-2b">
         <path>C:\ti\ccsv5\tools\compiler\msp430_4.2.1\lib\</path>
         <kind>archive</kind>
         <file>rts430x.lib</file>
         <name>asr32.obj</name>
      </input_file>
      <input_file id="fl-2c">
         <path>C:\ti\ccsv5\tools\compiler\msp430_4.2.1\lib\</path>
         <kind>archive</kind>
         <file>rts430x.lib</file>
         <name>boot.obj</name>
      </input_file>
      <input_file id="fl-2d">
         <path>C:\ti\ccsv5\tools\compiler\msp430_4.2.1\lib\</path>
         <kind>archive</kind>
         <file>rts430x.lib</file>
         <name>copy_decompress_none.obj</name>
      </input_file>
      <input_file id="fl-2e">
         <path>C:\ti\ccsv5\tools\compiler\msp430_4.2.1\lib\</path>
         <kind>archive</kind>
         <file>rts430x.lib</file>
         <name>copy_decompress_rle.obj</name>
      </input_file>
      <input_file id="fl-2f">
         <path>C:\ti\ccsv5\tools\compiler\msp430_4.2.1\lib\</path>
         <kind>archive</kind>
         <file>rts430x.lib</file>
         <name>copy_zero_init.obj</name>
      </input_file>
      <input_file id="fl-30">
         <path>C:\ti\ccsv5\tools\compiler\msp430_4.2.1\lib\</path>
         <kind>archive</kind>
         <file>rts430x.lib</file>
         <name>cpy_util.obj</name>
      </input_file>
      <input_file id="fl-31">
         <path>C:\ti\ccsv5\tools\compiler\msp430_4.2.1\lib\</path>
         <kind>archive</kind>
         <file>rts430x.lib</file>
         <name>div16s.obj</name>
      </input_file>
      <input_file id="fl-32">
         <path>C:\ti\ccsv5\tools\compiler\msp430_4.2.1\lib\</path>
         <kind>archive</kind>
         <file>rts430x.lib</file>
         <name>div16u.obj</name>
      </input_file>
      <input_file id="fl-33">
         <path>C:\ti\ccsv5\tools\compiler\msp430_4.2.1\lib\</path>
         <kind>archive</kind>
         <file>rts430x.lib</file>
         <name>div32s.obj</name>
      </input_file>
      <input_file id="fl-34">
         <path>C:\ti\ccsv5\tools\compiler\msp430_4.2.1\lib\</path>
         <kind>archive</kind>
         <file>rts430x.lib</file>
         <name>div32u.obj</name>
      </input_file>
      <input_file id="fl-35">
         <path>C:\ti\ccsv5\tools\compiler\msp430_4.2.1\lib\</path>
         <kind>archive</kind>
         <file>rts430x.lib</file>
         <name>exit.obj</name>
      </input_file>
      <input_file id="fl-36">
         <path>C:\ti\ccsv5\tools\compiler\msp430_4.2.1\lib\</path>
         <kind>archive</kind>
         <file>rts430x.lib</file>
         <name>lsr32.obj</name>
      </input_file>
      <input_file id="fl-37">
         <path>C:\ti\ccsv5\tools\compiler\msp430_4.2.1\lib\</path>
         <kind>archive</kind>
         <file>rts430x.lib</file>
         <name>memcpy.obj</name>
      </input_file>
      <input_file id="fl-38">
         <path>C:\ti\ccsv5\tools\compiler\msp430_4.2.1\lib\</path>
         <kind>archive</kind>
         <file>rts430x.lib</file>
         <name>memory.obj</name>
      </input_file>
      <input_file id="fl-39">
         <path>C:\ti\ccsv5\tools\compiler\msp430_4.2.1\lib\</path>
         <kind>archive</kind>
         <file>rts430x.lib</file>
         <name>mult16_f5hw.obj</name>
      </input_file>
      <input_file id="fl-3a">
         <path>C:\ti\ccsv5\tools\compiler\msp430_4.2.1\lib\</path>
         <kind>archive</kind>
         <file>rts430x.lib</file>
         <name>mult32_f5hw.obj</name>
      </input_file>
      <input_file id="fl-3b">
         <path>C:\ti\ccsv5\tools\compiler\msp430_4.2.1\lib\</path>
         <kind>archive</kind>
         <file>rts430x.lib</file>
         <name>pre_init.obj</name>
      </input_file>
      <input_file id="fl-3c">
         <path>C:\ti\ccsv5\tools\compiler\msp430_4.2.1\lib\</path>
         <kind>archive</kind>
         <file>rts430x.lib</file>
         <name>strchr.obj</name>
      </input_file>
      <input_file id="fl-3d">
         <path>C:\ti\ccsv5\tools\compiler\msp430_4.2.1\lib\</path>
         <kind>archive</kind>
         <file>rts430x.lib</file>
         <name>strcmp.obj</name>
      </input_file>
      <input_file id="fl-3e">
         <path>C:\ti\ccsv5\tools\compiler\msp430_4.2.1\lib\</path>
         <kind>archive</kind>
         <file>rts430x.lib</file>
         <name>strlen.obj</name>
      </input_file>
      <input_file id="fl-3f">
         <path>C:\ti\ccsv5\tools\compiler\msp430_4.2.1\lib\</path>
         <kind>archive</kind>
         <file>rts430x.lib</file>
         <name>_lock.obj</name>
      </input_file>
      <input_file id="fl-40">
         <path>C:\ti\ccsv5\tools\compiler\msp430_4.2.1\lib\</path>
         <kind>archive</kind>
         <file>rts430x.lib</file>
         <name>args_main.obj</name>
      </input_file>
      <input_file id="fl-41">
         <path>C:\ti\ccsv5\tools\compiler\msp430_4.2.1\lib\</path>
         <kind>archive</kind>
         <file>rts430x.lib</file>
         <name>autoinit.obj</name>
      </input_file>
   </input_file_list>
   <object_component_list>
      <object_component id="oc-50">
         <name>.bss</name>
         <uninitialized>true</uninitialized>
         <run_address>0x3ef6</run_address>
         <size>0x42</size>
         <input_file_ref idref="fl-2"/>
      </object_component>
      <object_component id="oc-5a">
         <name>.bss</name>
         <uninitialized>true</uninitialized>
         <run_address>0x3f60</run_address>
         <size>0x18</size>
         <input_file_ref idref="fl-4"/>
      </object_component>
      <object_component id="oc-5f">
         <name>.bss</name>
         <uninitialized>true</uninitialized>
         <run_address>0x3fb4</run_address>
         <size>0x6</size>
         <input_file_ref idref="fl-5"/>
      </object_component>
      <object_component id="oc-64">
         <name>.bss</name>
         <uninitialized>true</uninitialized>
         <run_address>0x1c00</run_address>
         <size>0x1794</size>
         <input_file_ref idref="fl-6"/>
      </object_component>
      <object_component id="oc-6a">
         <name>.bss</name>
         <uninitialized>true</uninitialized>
         <run_address>0x3f38</run_address>
         <size>0x28</size>
         <input_file_ref idref="fl-7"/>
      </object_component>
      <object_component id="oc-6f">
         <name>.bss</name>
         <uninitialized>true</uninitialized>
         <run_address>0x399e</run_address>
         <size>0x558</size>
         <input_file_ref idref="fl-8"/>
      </object_component>
      <object_component id="oc-75">
         <name>.bss</name>
         <uninitialized>true</uninitialized>
         <run_address>0x3f78</run_address>
         <size>0x16</size>
         <input_file_ref idref="fl-9"/>
      </object_component>
      <object_component id="oc-81">
         <name>.bss</name>
         <uninitialized>true</uninitialized>
         <run_address>0x3fba</run_address>
         <size>0x4</size>
         <input_file_ref idref="fl-b"/>
      </object_component>
      <object_component id="oc-86">
         <name>.bss</name>
         <uninitialized>true</uninitialized>
         <run_address>0x3fa6</run_address>
         <size>0x7</size>
         <input_file_ref idref="fl-c"/>
      </object_component>
      <object_component id="oc-8b">
         <name>.bss</name>
         <uninitialized>true</uninitialized>
         <run_address>0x3394</run_address>
         <size>0x60a</size>
         <input_file_ref idref="fl-d"/>
      </object_component>
      <object_component id="oc-9e">
         <name>.bss</name>
         <uninitialized>true</uninitialized>
         <run_address>0x3fae</run_address>
         <size>0x6</size>
         <input_file_ref idref="fl-11"/>
      </object_component>
      <object_component id="oc-a6">
         <name>.bss</name>
         <uninitialized>true</uninitialized>
         <run_address>0x3f96</run_address>
         <size>0x8</size>
         <input_file_ref idref="fl-2c"/>
      </object_component>
      <object_component id="oc-d7">
         <name>.bss</name>
         <uninitialized>true</uninitialized>
         <run_address>0x3f9e</run_address>
         <size>0x8</size>
         <input_file_ref idref="fl-38"/>
      </object_component>
      <object_component id="oc-f6">
         <name>.bss</name>
         <uninitialized>true</uninitialized>
         <run_address>0x3f8e</run_address>
         <size>0x8</size>
         <input_file_ref idref="fl-3f"/>
      </object_component>
      <object_component id="oc-da">
         <name>.sysmem</name>
         <uninitialized>true</uninitialized>
         <run_address>0x3fc0</run_address>
         <size>0x4</size>
         <input_file_ref idref="fl-38"/>
      </object_component>
      <object_component id="oc-257">
         <name>.sysmem</name>
         <uninitialized>true</uninitialized>
         <run_address>0x3fc0</run_address>
         <size>0x0</size>
      </object_component>
      <object_component id="oc-a8">
         <name>.stack</name>
         <uninitialized>true</uninitialized>
         <run_address>0x5900</run_address>
         <size>0x2</size>
         <input_file_ref idref="fl-2c"/>
      </object_component>
      <object_component id="oc-256">
         <name>.stack</name>
         <uninitialized>true</uninitialized>
         <run_address>0x5900</run_address>
         <size>0x0</size>
      </object_component>
      <object_component id="oc-154">
         <name>.text:parse_string</name>
         <load_address>0x5d6c</load_address>
         <run_address>0x5d6c</run_address>
         <size>0x366</size>
         <input_file_ref idref="fl-8"/>
      </object_component>
      <object_component id="oc-17b">
         <name>.text:parse_shemp_command</name>
         <load_address>0x60d2</load_address>
         <run_address>0x60d2</run_address>
         <size>0x32a</size>
         <input_file_ref idref="fl-9"/>
      </object_component>
      <object_component id="oc-17a">
         <name>.text:parse_http_request</name>
         <load_address>0x63fc</load_address>
         <run_address>0x63fc</run_address>
         <size>0x2ee</size>
         <input_file_ref idref="fl-d"/>
      </object_component>
      <object_component id="oc-1e6">
         <name>.text:current_on_full</name>
         <load_address>0x66ea</load_address>
         <run_address>0x66ea</run_address>
         <size>0x1f6</size>
         <input_file_ref idref="fl-2"/>
      </object_component>
      <object_component id="oc-106">
         <name>.text:main</name>
         <load_address>0x68e0</load_address>
         <run_address>0x68e0</run_address>
         <size>0x1dc</size>
         <input_file_ref idref="fl-9"/>
      </object_component>
      <object_component id="oc-1e8">
         <name>.text:voltage_on_full</name>
         <load_address>0x6abc</load_address>
         <run_address>0x6abc</run_address>
         <size>0x1cc</size>
         <input_file_ref idref="fl-2"/>
      </object_component>
      <object_component id="oc-150">
         <name>.text:write_time_to_string</name>
         <load_address>0x6c88</load_address>
         <run_address>0x6c88</run_address>
         <size>0x1ac</size>
         <input_file_ref idref="fl-4"/>
      </object_component>
      <object_component id="oc-1f5">
         <name>.text:encode_data_and_old_data_for_transmit</name>
         <load_address>0x6e34</load_address>
         <run_address>0x6e34</run_address>
         <size>0x192</size>
         <input_file_ref idref="fl-6"/>
      </object_component>
      <object_component id="oc-1af">
         <name>.text:create_audio_sensor</name>
         <load_address>0x6fc6</load_address>
         <run_address>0x6fc6</run_address>
         <size>0x152</size>
         <input_file_ref idref="fl-11"/>
      </object_component>
      <object_component id="oc-1eb">
         <name>.text:encode_data_for_transmit</name>
         <load_address>0x7118</load_address>
         <run_address>0x7118</run_address>
         <size>0x152</size>
         <input_file_ref idref="fl-6"/>
      </object_component>
      <object_component id="oc-1d4">
         <name>.text:new_one_time_sensor</name>
         <load_address>0x726a</load_address>
         <run_address>0x726a</run_address>
         <size>0x14c</size>
         <input_file_ref idref="fl-7"/>
      </object_component>
      <object_component id="oc-1b0">
         <name>.text:create_temperature_sensor</name>
         <load_address>0x73b6</load_address>
         <run_address>0x73b6</run_address>
         <size>0x13a</size>
         <input_file_ref idref="fl-5"/>
      </object_component>
      <object_component id="oc-1c7">
         <name>.text:new_sensor</name>
         <load_address>0x74f0</load_address>
         <run_address>0x74f0</run_address>
         <size>0x12a</size>
         <input_file_ref idref="fl-7"/>
      </object_component>
      <object_component id="oc-159">
         <name>.text:alert_slaves</name>
         <load_address>0x761a</load_address>
         <run_address>0x761a</run_address>
         <size>0x108</size>
         <input_file_ref idref="fl-8"/>
      </object_component>
      <object_component id="oc-13b">
         <name>.text:run_led_driver</name>
         <load_address>0x7722</load_address>
         <run_address>0x7722</run_address>
         <size>0x102</size>
         <input_file_ref idref="fl-c"/>
      </object_component>
      <object_component id="oc-137">
         <name>.text:leave_setup_mode</name>
         <load_address>0x7824</load_address>
         <run_address>0x7824</run_address>
         <size>0xfe</size>
         <input_file_ref idref="fl-8"/>
      </object_component>
      <object_component id="oc-1f7">
         <name>.text:calculate_wattage</name>
         <load_address>0x7922</load_address>
         <run_address>0x7922</run_address>
         <size>0xf0</size>
         <input_file_ref idref="fl-2"/>
      </object_component>
      <object_component id="oc-138">
         <name>.text:do_setup</name>
         <load_address>0x7a12</load_address>
         <run_address>0x7a12</run_address>
         <size>0xd6</size>
         <input_file_ref idref="fl-8"/>
      </object_component>
      <object_component id="oc-194">
         <name>.text:write_int_to_string</name>
         <load_address>0x7ae8</load_address>
         <run_address>0x7ae8</run_address>
         <size>0xd0</size>
         <input_file_ref idref="fl-10"/>
      </object_component>
      <object_component id="oc-16d">
         <name>.text:SetVCoreUp</name>
         <load_address>0x7bb8</load_address>
         <run_address>0x7bb8</run_address>
         <size>0xca</size>
         <input_file_ref idref="fl-e"/>
      </object_component>
      <object_component id="oc-1ae">
         <name>.text:create_light_sensor</name>
         <load_address>0x7c82</load_address>
         <run_address>0x7c82</run_address>
         <size>0xc8</size>
         <input_file_ref idref="fl-b"/>
      </object_component>
      <object_component id="oc-1b9">
         <name>.text:create_internal_wattage_sensor</name>
         <load_address>0x7d4a</load_address>
         <run_address>0x7d4a</run_address>
         <size>0xb8</size>
         <input_file_ref idref="fl-2"/>
      </object_component>
      <object_component id="oc-1d6">
         <name>.text:detect_audio_use</name>
         <load_address>0x7e02</load_address>
         <run_address>0x7e02</run_address>
         <size>0xac</size>
         <input_file_ref idref="fl-11"/>
      </object_component>
      <object_component id="oc-183">
         <name>.text:html_GET</name>
         <load_address>0x7eae</load_address>
         <run_address>0x7eae</run_address>
         <size>0xac</size>
         <input_file_ref idref="fl-d"/>
      </object_component>
      <object_component id="oc-1da">
         <name>.text:sensor_delete</name>
         <load_address>0x7f5a</load_address>
         <run_address>0x7f5a</run_address>
         <size>0xaa</size>
         <input_file_ref idref="fl-7"/>
      </object_component>
      <object_component id="oc-146">
         <name>.text:malloc</name>
         <load_address>0x8004</load_address>
         <run_address>0x8004</run_address>
         <size>0xa6</size>
         <input_file_ref idref="fl-38"/>
      </object_component>
      <object_component id="oc-134">
         <name>.text:handle_roving_input</name>
         <load_address>0x80aa</load_address>
         <run_address>0x80aa</run_address>
         <size>0xa2</size>
         <input_file_ref idref="fl-8"/>
      </object_component>
      <object_component id="oc-16e">
         <name>.text:SetVCoreDown</name>
         <load_address>0x814c</load_address>
         <run_address>0x814c</run_address>
         <size>0x9c</size>
         <input_file_ref idref="fl-e"/>
      </object_component>
      <object_component id="oc-1b3">
         <name>.text:create_internal_current_sensor</name>
         <load_address>0x81e8</load_address>
         <run_address>0x81e8</run_address>
         <size>0x98</size>
         <input_file_ref idref="fl-2"/>
      </object_component>
      <object_component id="oc-1b6">
         <name>.text:create_internal_voltage_sensor</name>
         <load_address>0x8280</load_address>
         <run_address>0x8280</run_address>
         <size>0x98</size>
         <input_file_ref idref="fl-2"/>
      </object_component>
      <object_component id="oc-180">
         <name>.text:free</name>
         <load_address>0x8318</load_address>
         <run_address>0x8318</run_address>
         <size>0x80</size>
         <input_file_ref idref="fl-38"/>
      </object_component>
      <object_component id="oc-1a9">
         <name>.text:new_time_from_string</name>
         <load_address>0x8398</load_address>
         <run_address>0x8398</run_address>
         <size>0x80</size>
         <input_file_ref idref="fl-4"/>
      </object_component>
      <object_component id="oc-14b">
         <name>.text:fix_time</name>
         <load_address>0x8418</load_address>
         <run_address>0x8418</run_address>
         <size>0x6e</size>
         <input_file_ref idref="fl-4"/>
      </object_component>
      <object_component id="oc-10e">
         <name>.text:init_internal_wattage_sensor</name>
         <load_address>0x8486</load_address>
         <run_address>0x8486</run_address>
         <size>0x6e</size>
         <input_file_ref idref="fl-2"/>
      </object_component>
      <object_component id="oc-13d">
         <name>.text:sample_enabled_sensors</name>
         <load_address>0x84f4</load_address>
         <run_address>0x84f4</run_address>
         <size>0x66</size>
         <input_file_ref idref="fl-7"/>
      </object_component>
      <object_component id="oc-16c">
         <name>.text:time_set_to_sum</name>
         <load_address>0x855a</load_address>
         <run_address>0x855a</run_address>
         <size>0x64</size>
         <input_file_ref idref="fl-4"/>
      </object_component>
      <object_component id="oc-139">
         <name>.text:store_uart_input</name>
         <load_address>0x85be</load_address>
         <run_address>0x85be</run_address>
         <size>0x5a</size>
         <input_file_ref idref="fl-8"/>
      </object_component>
      <object_component id="oc-c8">
         <name>.text</name>
         <load_address>0x8618</load_address>
         <run_address>0x8618</run_address>
         <size>0x58</size>
         <input_file_ref idref="fl-34"/>
      </object_component>
      <object_component id="oc-174">
         <name>.text:add_to_slaves</name>
         <load_address>0x8670</load_address>
         <run_address>0x8670</run_address>
         <size>0x56</size>
         <input_file_ref idref="fl-8"/>
      </object_component>
      <object_component id="oc-13a">
         <name>.text:time_tick</name>
         <load_address>0x86c6</load_address>
         <run_address>0x86c6</run_address>
         <size>0x56</size>
         <input_file_ref idref="fl-4"/>
      </object_component>
      <object_component id="oc-123">
         <name>.text:in_main_mode</name>
         <load_address>0x871c</load_address>
         <run_address>0x871c</run_address>
         <size>0x54</size>
         <input_file_ref idref="fl-8"/>
      </object_component>
      <object_component id="oc-118">
         <name>.text:init_buttons</name>
         <load_address>0x8770</load_address>
         <run_address>0x8770</run_address>
         <size>0x54</size>
         <input_file_ref idref="fl-9"/>
      </object_component>
      <object_component id="oc-12e">
         <name>.text:transmit_header</name>
         <load_address>0x87c4</load_address>
         <run_address>0x87c4</run_address>
         <size>0x54</size>
         <input_file_ref idref="fl-6"/>
      </object_component>
      <object_component id="oc-136">
         <name>.text:start_setup_mode</name>
         <load_address>0x8818</load_address>
         <run_address>0x8818</run_address>
         <size>0x52</size>
         <input_file_ref idref="fl-8"/>
      </object_component>
      <object_component id="oc-16b">
         <name>.text:store_data_point</name>
         <load_address>0x886a</load_address>
         <run_address>0x886a</run_address>
         <size>0x50</size>
         <input_file_ref idref="fl-7"/>
      </object_component>
      <object_component id="oc-130">
         <name>.text:transmit_data</name>
         <load_address>0x88ba</load_address>
         <run_address>0x88ba</run_address>
         <size>0x50</size>
         <input_file_ref idref="fl-6"/>
      </object_component>
      <object_component id="oc-15b">
         <name>.text:host_setup_mode</name>
         <load_address>0x890a</load_address>
         <run_address>0x890a</run_address>
         <size>0x4e</size>
         <input_file_ref idref="fl-8"/>
      </object_component>
      <object_component id="oc-11a">
         <name>.text:init_roving</name>
         <load_address>0x8958</load_address>
         <run_address>0x8958</run_address>
         <size>0x4e</size>
         <input_file_ref idref="fl-8"/>
      </object_component>
      <object_component id="oc-120">
         <name>.text:init_adc</name>
         <load_address>0x89a6</load_address>
         <run_address>0x89a6</run_address>
         <size>0x4c</size>
         <input_file_ref idref="fl-7"/>
      </object_component>
      <object_component id="oc-135">
         <name>.text:in_setup_mode</name>
         <load_address>0x89f2</load_address>
         <run_address>0x89f2</run_address>
         <size>0x4a</size>
         <input_file_ref idref="fl-8"/>
      </object_component>
      <object_component id="oc-105">
         <name>.text:_auto_init</name>
         <load_address>0x8a3c</load_address>
         <run_address>0x8a3c</run_address>
         <size>0x48</size>
         <input_file_ref idref="fl-41"/>
      </object_component>
      <object_component id="oc-153">
         <name>.text:is_delimiter</name>
         <load_address>0x8a84</load_address>
         <run_address>0x8a84</run_address>
         <size>0x48</size>
         <input_file_ref idref="fl-8"/>
      </object_component>
      <object_component id="oc-129">
         <name>.text:time_cmp</name>
         <load_address>0x8acc</load_address>
         <run_address>0x8acc</run_address>
         <size>0x46</size>
         <input_file_ref idref="fl-4"/>
      </object_component>
      <object_component id="oc-1e2">
         <name>.text:fix_temperature</name>
         <load_address>0x8b12</load_address>
         <run_address>0x8b12</run_address>
         <size>0x42</size>
         <input_file_ref idref="fl-5"/>
      </object_component>
      <object_component id="oc-144">
         <name>.text:SetVCore</name>
         <load_address>0x8b54</load_address>
         <run_address>0x8b54</run_address>
         <size>0x40</size>
         <input_file_ref idref="fl-e"/>
      </object_component>
      <object_component id="oc-11f">
         <name>.text:enter_command_mode</name>
         <load_address>0x8b94</load_address>
         <run_address>0x8b94</run_address>
         <size>0x40</size>
         <input_file_ref idref="fl-8"/>
      </object_component>
      <object_component id="oc-c4">
         <name>.text</name>
         <load_address>0x8bd4</load_address>
         <run_address>0x8bd4</run_address>
         <size>0x40</size>
         <input_file_ref idref="fl-33"/>
      </object_component>
      <object_component id="oc-157">
         <name>.text:send_command_with_arg</name>
         <load_address>0x8c14</load_address>
         <run_address>0x8c14</run_address>
         <size>0x40</size>
         <input_file_ref idref="fl-8"/>
      </object_component>
      <object_component id="oc-1fe">
         <name>.text:l_asr_const</name>
         <load_address>0x8c54</load_address>
         <run_address>0x8c54</run_address>
         <size>0x3e</size>
         <input_file_ref idref="fl-2b"/>
      </object_component>
      <object_component id="oc-1f3">
         <name>.text:l_lsr_const</name>
         <load_address>0x8c92</load_address>
         <run_address>0x8c92</run_address>
         <size>0x3e</size>
         <input_file_ref idref="fl-36"/>
      </object_component>
      <object_component id="oc-12b">
         <name>.text:add_time_to_time</name>
         <load_address>0x8cd0</load_address>
         <run_address>0x8cd0</run_address>
         <size>0x3a</size>
         <input_file_ref idref="fl-4"/>
      </object_component>
      <object_component id="oc-164">
         <name>.text:blink_fast</name>
         <load_address>0x8d0a</load_address>
         <run_address>0x8d0a</run_address>
         <size>0x3a</size>
         <input_file_ref idref="fl-c"/>
      </object_component>
      <object_component id="oc-1a8">
         <name>.text:read_number_from_string</name>
         <load_address>0x8d44</load_address>
         <run_address>0x8d44</run_address>
         <size>0x3a</size>
         <input_file_ref idref="fl-10"/>
      </object_component>
      <object_component id="oc-184">
         <name>.text:is_valid_string</name>
         <load_address>0x8d7e</load_address>
         <run_address>0x8d7e</run_address>
         <size>0x38</size>
         <input_file_ref idref="fl-10"/>
      </object_component>
      <object_component id="oc-16f">
         <name>.text:minit</name>
         <load_address>0x8db6</load_address>
         <run_address>0x8db6</run_address>
         <size>0x38</size>
         <input_file_ref idref="fl-38"/>
      </object_component>
      <object_component id="oc-1bf">
         <name>.text:node_delete</name>
         <load_address>0x8dee</load_address>
         <run_address>0x8dee</run_address>
         <size>0x38</size>
         <input_file_ref idref="fl-a"/>
      </object_component>
      <object_component id="oc-1e7">
         <name>.text:sync_wattage_sensors</name>
         <load_address>0x8e26</load_address>
         <run_address>0x8e26</run_address>
         <size>0x38</size>
         <input_file_ref idref="fl-2"/>
      </object_component>
      <object_component id="oc-15d">
         <name>.text:disconnect</name>
         <load_address>0x8e5e</load_address>
         <run_address>0x8e5e</run_address>
         <size>0x36</size>
         <input_file_ref idref="fl-8"/>
      </object_component>
      <object_component id="oc-1e3">
         <name>.text:enable_sensor</name>
         <load_address>0x8e94</load_address>
         <run_address>0x8e94</run_address>
         <size>0x36</size>
         <input_file_ref idref="fl-7"/>
      </object_component>
      <object_component id="oc-12d">
         <name>.text:exit_command_mode</name>
         <load_address>0x8eca</load_address>
         <run_address>0x8eca</run_address>
         <size>0x36</size>
         <input_file_ref idref="fl-8"/>
      </object_component>
      <object_component id="oc-16a">
         <name>.text:handle_full_sensors</name>
         <load_address>0x8f00</load_address>
         <run_address>0x8f00</run_address>
         <size>0x36</size>
         <input_file_ref idref="fl-7"/>
      </object_component>
      <object_component id="oc-11d">
         <name>.text:reset_roving</name>
         <load_address>0x8f36</load_address>
         <run_address>0x8f36</run_address>
         <size>0x36</size>
         <input_file_ref idref="fl-8"/>
      </object_component>
      <object_component id="oc-1ea">
         <name>.text:time_copy</name>
         <load_address>0x8f6c</load_address>
         <run_address>0x8f6c</run_address>
         <size>0x36</size>
         <input_file_ref idref="fl-4"/>
      </object_component>
      <object_component id="oc-1d9">
         <name>.text:swap_enabled_audio_sensor</name>
         <load_address>0x8fa2</load_address>
         <run_address>0x8fa2</run_address>
         <size>0x34</size>
         <input_file_ref idref="fl-11"/>
      </object_component>
      <object_component id="oc-13f">
         <name>.text:handle_adc_interrupt</name>
         <load_address>0x8fd6</load_address>
         <run_address>0x8fd6</run_address>
         <size>0x32</size>
         <input_file_ref idref="fl-7"/>
      </object_component>
      <object_component id="oc-167">
         <name>.text:check_time</name>
         <load_address>0x9008</load_address>
         <run_address>0x9008</run_address>
         <size>0x30</size>
         <input_file_ref idref="fl-4"/>
      </object_component>
      <object_component id="oc-18a">
         <name>.text:html_write</name>
         <load_address>0x9038</load_address>
         <run_address>0x9038</run_address>
         <size>0x30</size>
         <input_file_ref idref="fl-d"/>
      </object_component>
      <object_component id="oc-188">
         <name>.text:http_write</name>
         <load_address>0x9068</load_address>
         <run_address>0x9068</run_address>
         <size>0x30</size>
         <input_file_ref idref="fl-d"/>
      </object_component>
      <object_component id="oc-14a">
         <name>.text:send_command</name>
         <load_address>0x9098</load_address>
         <run_address>0x9098</run_address>
         <size>0x30</size>
         <input_file_ref idref="fl-8"/>
      </object_component>
      <object_component id="oc-145">
         <name>.text:time_set_current</name>
         <load_address>0x90c8</load_address>
         <run_address>0x90c8</run_address>
         <size>0x30</size>
         <input_file_ref idref="fl-4"/>
      </object_component>
      <object_component id="oc-1e9">
         <name>.text:delete_internal_wattage_sensor</name>
         <load_address>0x90f8</load_address>
         <run_address>0x90f8</run_address>
         <size>0x2e</size>
         <input_file_ref idref="fl-2"/>
      </object_component>
      <object_component id="oc-1ee">
         <name>.text:disable_sensor_args</name>
         <load_address>0x9126</load_address>
         <run_address>0x9126</run_address>
         <size>0x2e</size>
         <input_file_ref idref="fl-7"/>
      </object_component>
      <object_component id="oc-1f0">
         <name>.text:node_delete_next</name>
         <load_address>0x9154</load_address>
         <run_address>0x9154</run_address>
         <size>0x2e</size>
         <input_file_ref idref="fl-a"/>
      </object_component>
      <object_component id="oc-173">
         <name>.text:string_starts_with</name>
         <load_address>0x9182</load_address>
         <run_address>0x9182</run_address>
         <size>0x2e</size>
         <input_file_ref idref="fl-10"/>
      </object_component>
      <object_component id="oc-1cd">
         <name>.text:action_delete</name>
         <load_address>0x91b0</load_address>
         <run_address>0x91b0</run_address>
         <size>0x2c</size>
         <input_file_ref idref="fl-f"/>
      </object_component>
      <object_component id="oc-143">
         <name>.text:button2_toggled</name>
         <load_address>0x91dc</load_address>
         <run_address>0x91dc</run_address>
         <size>0x2c</size>
         <input_file_ref idref="fl-9"/>
      </object_component>
      <object_component id="oc-10d">
         <name>.text:init_clock</name>
         <load_address>0x9208</load_address>
         <run_address>0x9208</run_address>
         <size>0x2c</size>
         <input_file_ref idref="fl-9"/>
      </object_component>
      <object_component id="oc-bc">
         <name>.text</name>
         <load_address>0x9234</load_address>
         <run_address>0x9234</run_address>
         <size>0x2c</size>
         <input_file_ref idref="fl-31"/>
      </object_component>
      <object_component id="oc-12a">
         <name>.text:connect</name>
         <load_address>0x9260</load_address>
         <run_address>0x9260</run_address>
         <size>0x2a</size>
         <input_file_ref idref="fl-8"/>
      </object_component>
      <object_component id="oc-128">
         <name>.text:global_time</name>
         <load_address>0x928a</load_address>
         <run_address>0x928a</run_address>
         <size>0x2a</size>
         <input_file_ref idref="fl-4"/>
      </object_component>
      <object_component id="oc-125">
         <name>.text:is_associated</name>
         <load_address>0x92b4</load_address>
         <run_address>0x92b4</run_address>
         <size>0x2a</size>
         <input_file_ref idref="fl-8"/>
      </object_component>
      <object_component id="oc-11b">
         <name>.text:new_time</name>
         <load_address>0x92de</load_address>
         <run_address>0x92de</run_address>
         <size>0x2a</size>
         <input_file_ref idref="fl-4"/>
      </object_component>
      <object_component id="oc-15f">
         <name>.text:prep_leds</name>
         <load_address>0x9308</load_address>
         <run_address>0x9308</run_address>
         <size>0x2a</size>
         <input_file_ref idref="fl-c"/>
      </object_component>
      <object_component id="oc-1ba">
         <name>.text:enable_internal_wattage_sensor</name>
         <load_address>0x9332</load_address>
         <run_address>0x9332</run_address>
         <size>0x28</size>
         <input_file_ref idref="fl-2"/>
      </object_component>
      <object_component id="oc-17e">
         <name>.text:in_setup_master_mode</name>
         <load_address>0x935a</load_address>
         <run_address>0x935a</run_address>
         <size>0x28</size>
         <input_file_ref idref="fl-8"/>
      </object_component>
      <object_component id="oc-1c8">
         <name>.text:new_transmit_action</name>
         <load_address>0x9382</load_address>
         <run_address>0x9382</run_address>
         <size>0x28</size>
         <input_file_ref idref="fl-6"/>
      </object_component>
      <object_component id="oc-1c9">
         <name>.text:sensor_add_action_on_data_full</name>
         <load_address>0x93aa</load_address>
         <run_address>0x93aa</run_address>
         <size>0x28</size>
         <input_file_ref idref="fl-7"/>
      </object_component>
      <object_component id="oc-149">
         <name>.text:wait_for</name>
         <load_address>0x93d2</load_address>
         <run_address>0x93d2</run_address>
         <size>0x28</size>
         <input_file_ref idref="fl-4"/>
      </object_component>
      <object_component id="oc-1f1">
         <name>.text:action_delete_list</name>
         <load_address>0x93fa</load_address>
         <run_address>0x93fa</run_address>
         <size>0x26</size>
         <input_file_ref idref="fl-f"/>
      </object_component>
      <object_component id="oc-155">
         <name>.text:in_setup_slave_mode</name>
         <load_address>0x9420</load_address>
         <run_address>0x9420</run_address>
         <size>0x24</size>
         <input_file_ref idref="fl-8"/>
      </object_component>
      <object_component id="oc-116">
         <name>.text:init_uart</name>
         <load_address>0x9444</load_address>
         <run_address>0x9444</run_address>
         <size>0x24</size>
         <input_file_ref idref="fl-3"/>
      </object_component>
      <object_component id="oc-181">
         <name>.text:new_node</name>
         <load_address>0x9468</load_address>
         <run_address>0x9468</run_address>
         <size>0x24</size>
         <input_file_ref idref="fl-a"/>
      </object_component>
      <object_component id="oc-17d">
         <name>.text:node_delete_list</name>
         <load_address>0x948c</load_address>
         <run_address>0x948c</run_address>
         <size>0x24</size>
         <input_file_ref idref="fl-a"/>
      </object_component>
      <object_component id="oc-119">
         <name>.text:roving_call_back</name>
         <load_address>0x94b0</load_address>
         <run_address>0x94b0</run_address>
         <size>0x24</size>
         <input_file_ref idref="fl-9"/>
      </object_component>
      <object_component id="oc-1e5">
         <name>.text:time_clear</name>
         <load_address>0x94d4</load_address>
         <run_address>0x94d4</run_address>
         <size>0x24</size>
         <input_file_ref idref="fl-4"/>
      </object_component>
      <object_component id="oc-1ec">
         <name>.text:action_append_action</name>
         <load_address>0x94f8</load_address>
         <run_address>0x94f8</run_address>
         <size>0x22</size>
         <input_file_ref idref="fl-f"/>
      </object_component>
      <object_component id="oc-182">
         <name>.text:node_append</name>
         <load_address>0x951a</load_address>
         <run_address>0x951a</run_address>
         <size>0x22</size>
         <input_file_ref idref="fl-a"/>
      </object_component>
      <object_component id="oc-e2">
         <name>.text</name>
         <load_address>0x953c</load_address>
         <run_address>0x953c</run_address>
         <size>0x22</size>
         <input_file_ref idref="fl-3a"/>
      </object_component>
      <object_component id="oc-176">
         <name>.text:add_new_host_ip</name>
         <load_address>0x955e</load_address>
         <run_address>0x955e</run_address>
         <size>0x20</size>
         <input_file_ref idref="fl-8"/>
      </object_component>
      <object_component id="oc-175">
         <name>.text:add_new_host_name</name>
         <load_address>0x957e</load_address>
         <run_address>0x957e</run_address>
         <size>0x20</size>
         <input_file_ref idref="fl-8"/>
      </object_component>
      <object_component id="oc-177">
         <name>.text:add_new_pass</name>
         <load_address>0x959e</load_address>
         <run_address>0x959e</run_address>
         <size>0x20</size>
         <input_file_ref idref="fl-8"/>
      </object_component>
      <object_component id="oc-178">
         <name>.text:add_new_ssid</name>
         <load_address>0x95be</load_address>
         <run_address>0x95be</run_address>
         <size>0x20</size>
         <input_file_ref idref="fl-8"/>
      </object_component>
      <object_component id="oc-1f9">
         <name>.text:delete_internal_current_sensor</name>
         <load_address>0x95de</load_address>
         <run_address>0x95de</run_address>
         <size>0x20</size>
         <input_file_ref idref="fl-2"/>
      </object_component>
      <object_component id="oc-1fa">
         <name>.text:delete_internal_voltage_sensor</name>
         <load_address>0x95fe</load_address>
         <run_address>0x95fe</run_address>
         <size>0x20</size>
         <input_file_ref idref="fl-2"/>
      </object_component>
      <object_component id="oc-1b5">
         <name>.text:disable_internal_current_sensor</name>
         <load_address>0x961e</load_address>
         <run_address>0x961e</run_address>
         <size>0x20</size>
         <input_file_ref idref="fl-2"/>
      </object_component>
      <object_component id="oc-1b8">
         <name>.text:disable_internal_voltage_sensor</name>
         <load_address>0x963e</load_address>
         <run_address>0x963e</run_address>
         <size>0x20</size>
         <input_file_ref idref="fl-2"/>
      </object_component>
      <object_component id="oc-1b4">
         <name>.text:enable_internal_current_sensor</name>
         <load_address>0x965e</load_address>
         <run_address>0x965e</run_address>
         <size>0x20</size>
         <input_file_ref idref="fl-2"/>
      </object_component>
      <object_component id="oc-1b7">
         <name>.text:enable_internal_voltage_sensor</name>
         <load_address>0x967e</load_address>
         <run_address>0x967e</run_address>
         <size>0x20</size>
         <input_file_ref idref="fl-2"/>
      </object_component>
      <object_component id="oc-12c">
         <name>.text:led_ping</name>
         <load_address>0x969e</load_address>
         <run_address>0x969e</run_address>
         <size>0x20</size>
         <input_file_ref idref="fl-c"/>
      </object_component>
      <object_component id="oc-17c">
         <name>.text:send_data</name>
         <load_address>0x96be</load_address>
         <run_address>0x96be</run_address>
         <size>0x20</size>
         <input_file_ref idref="fl-8"/>
      </object_component>
      <object_component id="oc-1f2">
         <name>.text:get_celcius</name>
         <load_address>0x96de</load_address>
         <run_address>0x96de</run_address>
         <size>0x1e</size>
         <input_file_ref idref="fl-5"/>
      </object_component>
      <object_component id="oc-131">
         <name>.text:get_dhcp</name>
         <load_address>0x96fc</load_address>
         <run_address>0x96fc</run_address>
         <size>0x1e</size>
         <input_file_ref idref="fl-8"/>
      </object_component>
      <object_component id="oc-1a7">
         <name>.text:html_send</name>
         <load_address>0x971a</load_address>
         <run_address>0x971a</run_address>
         <size>0x1e</size>
         <input_file_ref idref="fl-d"/>
      </object_component>
      <object_component id="oc-1d5">
         <name>.text:new_action</name>
         <load_address>0x9738</load_address>
         <run_address>0x9738</run_address>
         <size>0x1e</size>
         <input_file_ref idref="fl-f"/>
      </object_component>
      <object_component id="oc-1ad">
         <name>.text:sensor_delete_this</name>
         <load_address>0x9756</load_address>
         <run_address>0x9756</run_address>
         <size>0x1e</size>
         <input_file_ref idref="fl-7"/>
      </object_component>
      <object_component id="oc-140">
         <name>.text:sensor_disable_this</name>
         <load_address>0x9774</load_address>
         <run_address>0x9774</run_address>
         <size>0x1e</size>
         <input_file_ref idref="fl-7"/>
      </object_component>
      <object_component id="oc-141">
         <name>.text:sensor_enable_this</name>
         <load_address>0x9792</load_address>
         <run_address>0x9792</run_address>
         <size>0x1e</size>
         <input_file_ref idref="fl-7"/>
      </object_component>
      <object_component id="oc-1ed">
         <name>.text:channel_to_loc</name>
         <load_address>0x97b0</load_address>
         <run_address>0x97b0</run_address>
         <size>0x1c</size>
         <input_file_ref idref="fl-7"/>
      </object_component>
      <object_component id="oc-1bb">
         <name>.text:disable_internal_wattage_sensor</name>
         <load_address>0x97cc</load_address>
         <run_address>0x97cc</run_address>
         <size>0x1c</size>
         <input_file_ref idref="fl-2"/>
      </object_component>
      <object_component id="oc-17f">
         <name>.text:do_actions</name>
         <load_address>0x97e8</load_address>
         <run_address>0x97e8</run_address>
         <size>0x1c</size>
         <input_file_ref idref="fl-f"/>
      </object_component>
      <object_component id="oc-15c">
         <name>.text:send_ip</name>
         <load_address>0x9804</load_address>
         <run_address>0x9804</run_address>
         <size>0x1c</size>
         <input_file_ref idref="fl-8"/>
      </object_component>
      <object_component id="oc-1f8">
         <name>.text:sensor_clear_state</name>
         <load_address>0x9820</load_address>
         <run_address>0x9820</run_address>
         <size>0x1c</size>
         <input_file_ref idref="fl-7"/>
      </object_component>
      <object_component id="oc-1bc">
         <name>.text:time_delete</name>
         <load_address>0x983c</load_address>
         <run_address>0x983c</run_address>
         <size>0x1c</size>
         <input_file_ref idref="fl-4"/>
      </object_component>
      <object_component id="oc-170">
         <name>.text:does_has_prompt</name>
         <load_address>0x9858</load_address>
         <run_address>0x9858</run_address>
         <size>0x1a</size>
         <input_file_ref idref="fl-8"/>
      </object_component>
      <object_component id="oc-152">
         <name>.text:have_ack</name>
         <load_address>0x9872</load_address>
         <run_address>0x9872</run_address>
         <size>0x1a</size>
         <input_file_ref idref="fl-8"/>
      </object_component>
      <object_component id="oc-148">
         <name>.text:in_command_mode</name>
         <load_address>0x988c</load_address>
         <run_address>0x988c</run_address>
         <size>0x1a</size>
         <input_file_ref idref="fl-8"/>
      </object_component>
      <object_component id="oc-114">
         <name>.text:init_leds</name>
         <load_address>0x98a6</load_address>
         <run_address>0x98a6</run_address>
         <size>0x1a</size>
         <input_file_ref idref="fl-c"/>
      </object_component>
      <object_component id="oc-113">
         <name>.text:init_time</name>
         <load_address>0x98c0</load_address>
         <run_address>0x98c0</run_address>
         <size>0x1a</size>
         <input_file_ref idref="fl-4"/>
      </object_component>
      <object_component id="oc-1cf">
         <name>.text:loc_to_channel</name>
         <load_address>0x98da</load_address>
         <run_address>0x98da</run_address>
         <size>0x1a</size>
         <input_file_ref idref="fl-7"/>
      </object_component>
      <object_component id="oc-14c">
         <name>.text:not_in_command_mode</name>
         <load_address>0x98f4</load_address>
         <run_address>0x98f4</run_address>
         <size>0x1a</size>
         <input_file_ref idref="fl-8"/>
      </object_component>
      <object_component id="oc-1d8">
         <name>.text:action_set_args</name>
         <load_address>0x990e</load_address>
         <run_address>0x990e</run_address>
         <size>0x18</size>
         <input_file_ref idref="fl-f"/>
      </object_component>
      <object_component id="oc-1d7">
         <name>.text:action_set_func</name>
         <load_address>0x9926</load_address>
         <run_address>0x9926</run_address>
         <size>0x18</size>
         <input_file_ref idref="fl-f"/>
      </object_component>
      <object_component id="oc-1d2">
         <name>.text:enable_audio_sensor</name>
         <load_address>0x993e</load_address>
         <run_address>0x993e</run_address>
         <size>0x18</size>
         <input_file_ref idref="fl-11"/>
      </object_component>
      <object_component id="oc-12f">
         <name>.text:have_data_to_transmit</name>
         <load_address>0x9956</load_address>
         <run_address>0x9956</run_address>
         <size>0x18</size>
         <input_file_ref idref="fl-6"/>
      </object_component>
      <object_component id="oc-15a">
         <name>.text:reset_setup_info</name>
         <load_address>0x996e</load_address>
         <run_address>0x996e</run_address>
         <size>0x18</size>
         <input_file_ref idref="fl-8"/>
      </object_component>
      <object_component id="oc-1ca">
         <name>.text:sensor_set_delete_func</name>
         <load_address>0x9986</load_address>
         <run_address>0x9986</run_address>
         <size>0x18</size>
         <input_file_ref idref="fl-7"/>
      </object_component>
      <object_component id="oc-1cc">
         <name>.text:sensor_set_disable_func</name>
         <load_address>0x999e</load_address>
         <run_address>0x999e</run_address>
         <size>0x18</size>
         <input_file_ref idref="fl-7"/>
      </object_component>
      <object_component id="oc-1cb">
         <name>.text:sensor_set_enable_func</name>
         <load_address>0x99b6</load_address>
         <run_address>0x99b6</run_address>
         <size>0x18</size>
         <input_file_ref idref="fl-7"/>
      </object_component>
      <object_component id="oc-172">
         <name>.text:strchr</name>
         <load_address>0x99ce</load_address>
         <run_address>0x99ce</run_address>
         <size>0x18</size>
         <input_file_ref idref="fl-3c"/>
      </object_component>
      <object_component id="oc-171">
         <name>.text:strcmp</name>
         <load_address>0x99e6</load_address>
         <run_address>0x99e6</run_address>
         <size>0x18</size>
         <input_file_ref idref="fl-3d"/>
      </object_component>
      <object_component id="oc-151">
         <name>.text:uart_send_array</name>
         <load_address>0x99fe</load_address>
         <run_address>0x99fe</run_address>
         <size>0x18</size>
         <input_file_ref idref="fl-3"/>
      </object_component>
      <object_component id="oc-163">
         <name>.text:blink_slow_sliding</name>
         <load_address>0x9a16</load_address>
         <run_address>0x9a16</run_address>
         <size>0x16</size>
         <input_file_ref idref="fl-c"/>
      </object_component>
      <object_component id="oc-1c0">
         <name>.text:multiply</name>
         <load_address>0x9a2c</load_address>
         <run_address>0x9a2c</run_address>
         <size>0x16</size>
         <input_file_ref idref="fl-10"/>
      </object_component>
      <object_component id="oc-185">
         <name>.text:number_of_characters_in_string</name>
         <load_address>0x9a42</load_address>
         <run_address>0x9a42</run_address>
         <size>0x16</size>
         <input_file_ref idref="fl-10"/>
      </object_component>
      <object_component id="oc-c0">
         <name>.text</name>
         <load_address>0x9a58</load_address>
         <run_address>0x9a58</run_address>
         <size>0x16</size>
         <input_file_ref idref="fl-32"/>
      </object_component>
      <object_component id="oc-de">
         <name>.text</name>
         <load_address>0x9a6e</load_address>
         <run_address>0x9a6e</run_address>
         <size>0x16</size>
         <input_file_ref idref="fl-39"/>
      </object_component>
      <object_component id="oc-1d1">
         <name>.text:delete_audio_sensor</name>
         <load_address>0x9a84</load_address>
         <run_address>0x9a84</run_address>
         <size>0x14</size>
         <input_file_ref idref="fl-11"/>
      </object_component>
      <object_component id="oc-1d3">
         <name>.text:disable_audio_sensor</name>
         <load_address>0x9a98</load_address>
         <run_address>0x9a98</run_address>
         <size>0x14</size>
         <input_file_ref idref="fl-11"/>
      </object_component>
      <object_component id="oc-110">
         <name>.text:init_audio_sensor</name>
         <load_address>0x9aac</load_address>
         <run_address>0x9aac</run_address>
         <size>0x14</size>
         <input_file_ref idref="fl-11"/>
      </object_component>
      <object_component id="oc-1bd">
         <name>.text:set_relay</name>
         <load_address>0x9ac0</load_address>
         <run_address>0x9ac0</run_address>
         <size>0x14</size>
         <input_file_ref idref="fl-9"/>
      </object_component>
      <object_component id="oc-147">
         <name>.text:uart_send_string</name>
         <load_address>0x9ad4</load_address>
         <run_address>0x9ad4</run_address>
         <size>0x14</size>
         <input_file_ref idref="fl-3"/>
      </object_component>
      <object_component id="oc-11e">
         <name>.text:wait</name>
         <load_address>0x9ae8</load_address>
         <run_address>0x9ae8</run_address>
         <size>0x14</size>
         <input_file_ref idref="fl-4"/>
      </object_component>
      <object_component id="oc-158">
         <name>.text:done_setup</name>
         <load_address>0x9afc</load_address>
         <run_address>0x9afc</run_address>
         <size>0x12</size>
         <input_file_ref idref="fl-8"/>
      </object_component>
      <object_component id="oc-126">
         <name>.text:have_dhcp</name>
         <load_address>0x9b0e</load_address>
         <run_address>0x9b0e</run_address>
         <size>0x12</size>
         <input_file_ref idref="fl-8"/>
      </object_component>
      <object_component id="oc-121">
         <name>.text:init_pll</name>
         <load_address>0x9b20</load_address>
         <run_address>0x9b20</run_address>
         <size>0x12</size>
         <input_file_ref idref="fl-9"/>
      </object_component>
      <object_component id="oc-117">
         <name>.text:init_transmits</name>
         <load_address>0x9b32</load_address>
         <run_address>0x9b32</run_address>
         <size>0x12</size>
         <input_file_ref idref="fl-6"/>
      </object_component>
      <object_component id="oc-10c">
         <name>.text:memcpy</name>
         <load_address>0x9b44</load_address>
         <run_address>0x9b44</run_address>
         <size>0x12</size>
         <input_file_ref idref="fl-37"/>
      </object_component>
      <object_component id="oc-1ce">
         <name>.text:sensor_get_loc</name>
         <load_address>0x9b56</load_address>
         <run_address>0x9b56</run_address>
         <size>0x12</size>
         <input_file_ref idref="fl-7"/>
      </object_component>
      <object_component id="oc-11c">
         <name>.text:time_set_seconds</name>
         <load_address>0x9b68</load_address>
         <run_address>0x9b68</run_address>
         <size>0x12</size>
         <input_file_ref idref="fl-4"/>
      </object_component>
      <object_component id="oc-1e4">
         <name>.text:disable_sensor</name>
         <load_address>0x9b7a</load_address>
         <run_address>0x9b7a</run_address>
         <size>0x10</size>
         <input_file_ref idref="fl-7"/>
      </object_component>
      <object_component id="oc-186">
         <name>.text:html_reset</name>
         <load_address>0x9b8a</load_address>
         <run_address>0x9b8a</run_address>
         <size>0x10</size>
         <input_file_ref idref="fl-d"/>
      </object_component>
      <object_component id="oc-112">
         <name>.text:init_timer</name>
         <load_address>0x9b9a</load_address>
         <run_address>0x9b9a</run_address>
         <size>0x10</size>
         <input_file_ref idref="fl-9"/>
      </object_component>
      <object_component id="oc-1d0">
         <name>.text:time_set_clock_time</name>
         <load_address>0x9baa</load_address>
         <run_address>0x9baa</run_address>
         <size>0x10</size>
         <input_file_ref idref="fl-4"/>
      </object_component>
      <object_component id="oc-160">
         <name>.text:blink_slow</name>
         <load_address>0x9bba</load_address>
         <run_address>0x9bba</run_address>
         <size>0xe</size>
         <input_file_ref idref="fl-c"/>
      </object_component>
      <object_component id="oc-162">
         <name>.text:blink_slow_alternating</name>
         <load_address>0x9bc8</load_address>
         <run_address>0x9bc8</run_address>
         <size>0xe</size>
         <input_file_ref idref="fl-c"/>
      </object_component>
      <object_component id="oc-13e">
         <name>.text:do_non_blocking_interrupt</name>
         <load_address>0x9bd6</load_address>
         <run_address>0x9bd6</run_address>
         <size>0xe</size>
         <input_file_ref idref="fl-9"/>
      </object_component>
      <object_component id="oc-115">
         <name>.text:init_relay</name>
         <load_address>0x9be4</load_address>
         <run_address>0x9be4</run_address>
         <size>0xe</size>
         <input_file_ref idref="fl-9"/>
      </object_component>
      <object_component id="oc-10f">
         <name>.text:init_temperature_sensor</name>
         <load_address>0x9bf2</load_address>
         <run_address>0x9bf2</run_address>
         <size>0xe</size>
         <input_file_ref idref="fl-5"/>
      </object_component>
      <object_component id="oc-168">
         <name>.text:node_get_next</name>
         <load_address>0x9c00</load_address>
         <run_address>0x9c00</run_address>
         <size>0xe</size>
         <input_file_ref idref="fl-a"/>
      </object_component>
      <object_component id="oc-169">
         <name>.text:sample_queued_sensors</name>
         <load_address>0x9c0e</load_address>
         <run_address>0x9c0e</run_address>
         <size>0xe</size>
         <input_file_ref idref="fl-7"/>
      </object_component>
      <object_component id="oc-1ef">
         <name>.text:sensor_get_data_array</name>
         <load_address>0x9c1c</load_address>
         <run_address>0x9c1c</run_address>
         <size>0xe</size>
         <input_file_ref idref="fl-7"/>
      </object_component>
      <object_component id="oc-1fb">
         <name>.text:sensor_get_end_time</name>
         <load_address>0x9c2a</load_address>
         <run_address>0x9c2a</run_address>
         <size>0xe</size>
         <input_file_ref idref="fl-7"/>
      </object_component>
      <object_component id="oc-1fd">
         <name>.text:sensor_get_old_array</name>
         <load_address>0x9c38</load_address>
         <run_address>0x9c38</run_address>
         <size>0xe</size>
         <input_file_ref idref="fl-7"/>
      </object_component>
      <object_component id="oc-1ab">
         <name>.text:sensor_get_period</name>
         <load_address>0x9c46</load_address>
         <run_address>0x9c46</run_address>
         <size>0xe</size>
         <input_file_ref idref="fl-7"/>
      </object_component>
      <object_component id="oc-1ac">
         <name>.text:sensor_get_size</name>
         <load_address>0x9c54</load_address>
         <run_address>0x9c54</run_address>
         <size>0xe</size>
         <input_file_ref idref="fl-7"/>
      </object_component>
      <object_component id="oc-1ff">
         <name>.text:sensor_get_trigger_time</name>
         <load_address>0x9c62</load_address>
         <run_address>0x9c62</run_address>
         <size>0xe</size>
         <input_file_ref idref="fl-7"/>
      </object_component>
      <object_component id="oc-156">
         <name>.text:strlen</name>
         <load_address>0x9c70</load_address>
         <run_address>0x9c70</run_address>
         <size>0xe</size>
         <input_file_ref idref="fl-3e"/>
      </object_component>
      <object_component id="oc-13c">
         <name>.text:ready_to_sample</name>
         <load_address>0x9c7e</load_address>
         <run_address>0x9c7e</run_address>
         <size>0xc</size>
         <input_file_ref idref="fl-7"/>
      </object_component>
      <object_component id="oc-1aa">
         <name>.text:sensor_get_type</name>
         <load_address>0x9c8a</load_address>
         <run_address>0x9c8a</run_address>
         <size>0xc</size>
         <input_file_ref idref="fl-7"/>
      </object_component>
      <object_component id="oc-14d">
         <name>.text:write_2_bytes_to_string</name>
         <load_address>0x9c96</load_address>
         <run_address>0x9c96</run_address>
         <size>0xc</size>
         <input_file_ref idref="fl-10"/>
      </object_component>
      <object_component id="oc-1de">
         <name>.text:delete_external_temperature_sensor_A</name>
         <load_address>0x9ca2</load_address>
         <run_address>0x9ca2</run_address>
         <size>0xa</size>
         <input_file_ref idref="fl-5"/>
      </object_component>
      <object_component id="oc-1db">
         <name>.text:delete_external_temperature_sensor_B</name>
         <load_address>0x9cac</load_address>
         <run_address>0x9cac</run_address>
         <size>0xa</size>
         <input_file_ref idref="fl-5"/>
      </object_component>
      <object_component id="oc-1e1">
         <name>.text:delete_internal_temperature_sensor</name>
         <load_address>0x9cb6</load_address>
         <run_address>0x9cb6</run_address>
         <size>0xa</size>
         <input_file_ref idref="fl-5"/>
      </object_component>
      <object_component id="oc-1c4">
         <name>.text:delete_light_sensor_A</name>
         <load_address>0x9cc0</load_address>
         <run_address>0x9cc0</run_address>
         <size>0xa</size>
         <input_file_ref idref="fl-b"/>
      </object_component>
      <object_component id="oc-1c1">
         <name>.text:delete_light_sensor_B</name>
         <load_address>0x9cca</load_address>
         <run_address>0x9cca</run_address>
         <size>0xa</size>
         <input_file_ref idref="fl-b"/>
      </object_component>
      <object_component id="oc-1e0">
         <name>.text:disable_external_temperature_sensor_A</name>
         <load_address>0x9cd4</load_address>
         <run_address>0x9cd4</run_address>
         <size>0xa</size>
         <input_file_ref idref="fl-5"/>
      </object_component>
      <object_component id="oc-1dd">
         <name>.text:disable_external_temperature_sensor_B</name>
         <load_address>0x9cde</load_address>
         <run_address>0x9cde</run_address>
         <size>0xa</size>
         <input_file_ref idref="fl-5"/>
      </object_component>
      <object_component id="oc-1b2">
         <name>.text:disable_internal_temperature_sensor</name>
         <load_address>0x9ce8</load_address>
         <run_address>0x9ce8</run_address>
         <size>0xa</size>
         <input_file_ref idref="fl-5"/>
      </object_component>
      <object_component id="oc-1c6">
         <name>.text:disable_light_sensor_A</name>
         <load_address>0x9cf2</load_address>
         <run_address>0x9cf2</run_address>
         <size>0xa</size>
         <input_file_ref idref="fl-b"/>
      </object_component>
      <object_component id="oc-1c3">
         <name>.text:disable_light_sensor_B</name>
         <load_address>0x9cfc</load_address>
         <run_address>0x9cfc</run_address>
         <size>0xa</size>
         <input_file_ref idref="fl-b"/>
      </object_component>
      <object_component id="oc-1df">
         <name>.text:enable_external_temperature_sensor_A</name>
         <load_address>0x9d06</load_address>
         <run_address>0x9d06</run_address>
         <size>0xa</size>
         <input_file_ref idref="fl-5"/>
      </object_component>
      <object_component id="oc-1dc">
         <name>.text:enable_external_temperature_sensor_B</name>
         <load_address>0x9d10</load_address>
         <run_address>0x9d10</run_address>
         <size>0xa</size>
         <input_file_ref idref="fl-5"/>
      </object_component>
      <object_component id="oc-1b1">
         <name>.text:enable_internal_temperature_sensor</name>
         <load_address>0x9d1a</load_address>
         <run_address>0x9d1a</run_address>
         <size>0xa</size>
         <input_file_ref idref="fl-5"/>
      </object_component>
      <object_component id="oc-1c5">
         <name>.text:enable_light_sensor_A</name>
         <load_address>0x9d24</load_address>
         <run_address>0x9d24</run_address>
         <size>0xa</size>
         <input_file_ref idref="fl-b"/>
      </object_component>
      <object_component id="oc-1c2">
         <name>.text:enable_light_sensor_B</name>
         <load_address>0x9d2e</load_address>
         <run_address>0x9d2e</run_address>
         <size>0xa</size>
         <input_file_ref idref="fl-b"/>
      </object_component>
      <object_component id="oc-111">
         <name>.text:init_light_sensor</name>
         <load_address>0x9d38</load_address>
         <run_address>0x9d38</run_address>
         <size>0xa</size>
         <input_file_ref idref="fl-b"/>
      </object_component>
      <object_component id="oc-15e">
         <name>.text:is_prompt</name>
         <load_address>0x9d42</load_address>
         <run_address>0x9d42</run_address>
         <size>0xa</size>
         <input_file_ref idref="fl-8"/>
      </object_component>
      <object_component id="oc-142">
         <name>.text:toggle_relay</name>
         <load_address>0x9d4c</load_address>
         <run_address>0x9d4c</run_address>
         <size>0x8</size>
         <input_file_ref idref="fl-9"/>
      </object_component>
      <object_component id="oc-165">
         <name>.text:update_leds</name>
         <load_address>0x9d54</load_address>
         <run_address>0x9d54</run_address>
         <size>0x8</size>
         <input_file_ref idref="fl-c"/>
      </object_component>
      <object_component id="oc-132">
         <name>.text:associate</name>
         <load_address>0x9d5c</load_address>
         <run_address>0x9d5c</run_address>
         <size>0x6</size>
         <input_file_ref idref="fl-8"/>
      </object_component>
      <object_component id="oc-179">
         <name>.text:complete_setup</name>
         <load_address>0x9d62</load_address>
         <run_address>0x9d62</run_address>
         <size>0x6</size>
         <input_file_ref idref="fl-8"/>
      </object_component>
      <object_component id="oc-1f6">
         <name>.text:continue_transmits</name>
         <load_address>0x9d68</load_address>
         <run_address>0x9d68</run_address>
         <size>0x6</size>
         <input_file_ref idref="fl-6"/>
      </object_component>
      <object_component id="oc-1a3">
         <name>.text:get_new_host_ip</name>
         <load_address>0x9d6e</load_address>
         <run_address>0x9d6e</run_address>
         <size>0x6</size>
         <input_file_ref idref="fl-8"/>
      </object_component>
      <object_component id="oc-1a2">
         <name>.text:get_new_host_name</name>
         <load_address>0x9d74</load_address>
         <run_address>0x9d74</run_address>
         <size>0x6</size>
         <input_file_ref idref="fl-8"/>
      </object_component>
      <object_component id="oc-19d">
         <name>.text:get_new_pass</name>
         <load_address>0x9d7a</load_address>
         <run_address>0x9d7a</run_address>
         <size>0x6</size>
         <input_file_ref idref="fl-8"/>
      </object_component>
      <object_component id="oc-199">
         <name>.text:get_new_ssid</name>
         <load_address>0x9d80</load_address>
         <run_address>0x9d80</run_address>
         <size>0x6</size>
         <input_file_ref idref="fl-8"/>
      </object_component>
      <object_component id="oc-192">
         <name>.text:get_number_of_slaves</name>
         <load_address>0x9d86</load_address>
         <run_address>0x9d86</run_address>
         <size>0x6</size>
         <input_file_ref idref="fl-8"/>
      </object_component>
      <object_component id="oc-18f">
         <name>.text:have_new_host_ip</name>
         <load_address>0x9d8c</load_address>
         <run_address>0x9d8c</run_address>
         <size>0x6</size>
         <input_file_ref idref="fl-8"/>
      </object_component>
      <object_component id="oc-1a0">
         <name>.text:have_new_host_name</name>
         <load_address>0x9d92</load_address>
         <run_address>0x9d92</run_address>
         <size>0x6</size>
         <input_file_ref idref="fl-8"/>
      </object_component>
      <object_component id="oc-18e">
         <name>.text:have_new_pass</name>
         <load_address>0x9d98</load_address>
         <run_address>0x9d98</run_address>
         <size>0x6</size>
         <input_file_ref idref="fl-8"/>
      </object_component>
      <object_component id="oc-18d">
         <name>.text:have_new_ssid</name>
         <load_address>0x9d9e</load_address>
         <run_address>0x9d9e</run_address>
         <size>0x6</size>
         <input_file_ref idref="fl-8"/>
      </object_component>
      <object_component id="oc-1f4">
         <name>.text:hold_transmits</name>
         <load_address>0x9da4</load_address>
         <run_address>0x9da4</run_address>
         <size>0x6</size>
         <input_file_ref idref="fl-6"/>
      </object_component>
      <object_component id="oc-127">
         <name>.text:is_connected</name>
         <load_address>0x9daa</load_address>
         <run_address>0x9daa</run_address>
         <size>0x6</size>
         <input_file_ref idref="fl-8"/>
      </object_component>
      <object_component id="oc-14f">
         <name>.text:reset_ack</name>
         <load_address>0x9db0</load_address>
         <run_address>0x9db0</run_address>
         <size>0x6</size>
         <input_file_ref idref="fl-8"/>
      </object_component>
      <object_component id="oc-1be">
         <name>.text:reset_output_buffer</name>
         <load_address>0x9db6</load_address>
         <run_address>0x9db6</run_address>
         <size>0x6</size>
         <input_file_ref idref="fl-6"/>
      </object_component>
      <object_component id="oc-122">
         <name>.text:set_led_anim</name>
         <load_address>0x9dbc</load_address>
         <run_address>0x9dbc</run_address>
         <size>0x6</size>
         <input_file_ref idref="fl-c"/>
      </object_component>
      <object_component id="oc-124">
         <name>.text:start_sampling</name>
         <load_address>0x9dc2</load_address>
         <run_address>0x9dc2</run_address>
         <size>0x6</size>
         <input_file_ref idref="fl-7"/>
      </object_component>
      <object_component id="oc-133">
         <name>.text:stop_sampling</name>
         <load_address>0x9dc8</load_address>
         <run_address>0x9dc8</run_address>
         <size>0x6</size>
         <input_file_ref idref="fl-7"/>
      </object_component>
      <object_component id="oc-161">
         <name>.text:turn_on</name>
         <load_address>0x9dce</load_address>
         <run_address>0x9dce</run_address>
         <size>0x6</size>
         <input_file_ref idref="fl-c"/>
      </object_component>
      <object_component id="oc-104">
         <name>.text:_system_pre_init</name>
         <load_address>0x9dd4</load_address>
         <run_address>0x9dd4</run_address>
         <size>0x4</size>
         <input_file_ref idref="fl-3b"/>
      </object_component>
      <object_component id="oc-107">
         <name>.text:abort</name>
         <load_address>0x9dd8</load_address>
         <run_address>0x9dd8</run_address>
         <size>0x4</size>
         <input_file_ref idref="fl-35"/>
      </object_component>
      <object_component id="oc-166">
         <name>.text:node_get_val</name>
         <load_address>0x9ddc</load_address>
         <run_address>0x9ddc</run_address>
         <size>0x4</size>
         <input_file_ref idref="fl-a"/>
      </object_component>
      <object_component id="oc-103">
         <name>.text:_nop</name>
         <load_address>0x9de0</load_address>
         <run_address>0x9de0</run_address>
         <size>0x2</size>
         <input_file_ref idref="fl-3f"/>
      </object_component>
      <object_component id="oc-10b">
         <name>.text:_isr:Port1GPIOHandler</name>
         <load_address>0x5c00</load_address>
         <run_address>0x5c00</run_address>
         <size>0x98</size>
         <input_file_ref idref="fl-9"/>
      </object_component>
      <object_component id="oc-109">
         <name>.text:_isr:Port2GPIOHandler</name>
         <load_address>0x5c98</load_address>
         <run_address>0x5c98</run_address>
         <size>0x56</size>
         <input_file_ref idref="fl-9"/>
      </object_component>
      <object_component id="oc-4f">
         <name>.text:_isr:_c_int00_noexit</name>
         <load_address>0x5cee</load_address>
         <run_address>0x5cee</run_address>
         <size>0x2a</size>
         <input_file_ref idref="fl-2c"/>
      </object_component>
      <object_component id="oc-108">
         <name>.text:_isr:USCI_A2_ISR</name>
         <load_address>0x5d18</load_address>
         <run_address>0x5d18</run_address>
         <size>0x14</size>
         <input_file_ref idref="fl-3"/>
      </object_component>
      <object_component id="oc-10a">
         <name>.text:_isr:ADC12_ISR</name>
         <load_address>0x5d2c</load_address>
         <run_address>0x5d2c</run_address>
         <size>0xa</size>
         <input_file_ref idref="fl-9"/>
      </object_component>
      <object_component id="oc-66">
         <name>.cinit</name>
         <load_address>0x5d36</load_address>
         <run_address>0x5d36</run_address>
         <size>0x21</size>
         <input_file_ref idref="fl-6"/>
      </object_component>
      <object_component id="oc-8d">
         <name>.cinit</name>
         <load_address>0x5d58</load_address>
         <run_address>0x5d58</run_address>
         <size>0xb</size>
         <input_file_ref idref="fl-d"/>
      </object_component>
      <object_component id="oc-d9">
         <name>.cinit</name>
         <load_address>0x5d64</load_address>
         <run_address>0x5d64</run_address>
         <size>0x6</size>
         <input_file_ref idref="fl-38"/>
      </object_component>
      <object_component id="oc-1fc">
         <name>.const:temp_lookup_table</name>
         <load_address>0x9de2</load_address>
         <run_address>0x9de2</run_address>
         <size>0xe14</size>
         <input_file_ref idref="fl-5"/>
      </object_component>
      <object_component id="oc-71">
         <name>.const:.string</name>
         <load_address>0xabf6</load_address>
         <run_address>0xabf6</run_address>
         <size>0x1aa</size>
         <input_file_ref idref="fl-8"/>
      </object_component>
      <object_component id="oc-1a5">
         <name>.const:.string:html_submit_button</name>
         <load_address>0xada0</load_address>
         <run_address>0xada0</run_address>
         <size>0x97</size>
         <input_file_ref idref="fl-d"/>
      </object_component>
      <object_component id="oc-18b">
         <name>.const:.string:html_header_02</name>
         <load_address>0xae38</load_address>
         <run_address>0xae38</run_address>
         <size>0x89</size>
         <input_file_ref idref="fl-d"/>
      </object_component>
      <object_component id="oc-189">
         <name>.const:.string:html_header_01</name>
         <load_address>0xaec2</load_address>
         <run_address>0xaec2</run_address>
         <size>0x7a</size>
         <input_file_ref idref="fl-d"/>
      </object_component>
      <object_component id="oc-191">
         <name>.const:.string:html_instructions_01</name>
         <load_address>0xaf3c</load_address>
         <run_address>0xaf3c</run_address>
         <size>0x6f</size>
         <input_file_ref idref="fl-d"/>
      </object_component>
      <object_component id="oc-190">
         <name>.const:.string:html_instructions_02</name>
         <load_address>0xafac</load_address>
         <run_address>0xafac</run_address>
         <size>0x6f</size>
         <input_file_ref idref="fl-d"/>
      </object_component>
      <object_component id="oc-18c">
         <name>.const:.string:html_header_03</name>
         <load_address>0xb01c</load_address>
         <run_address>0xb01c</run_address>
         <size>0x68</size>
         <input_file_ref idref="fl-d"/>
      </object_component>
      <object_component id="oc-193">
         <name>.const:.string:html_number_of_slaves_prefix</name>
         <load_address>0xb084</load_address>
         <run_address>0xb084</run_address>
         <size>0x5f</size>
         <input_file_ref idref="fl-d"/>
      </object_component>
      <object_component id="oc-187">
         <name>.const:.string:http_header</name>
         <load_address>0xb0e4</load_address>
         <run_address>0xb0e4</run_address>
         <size>0x53</size>
         <input_file_ref idref="fl-d"/>
      </object_component>
      <object_component id="oc-19b">
         <name>.const:.string:html_pass_prefix</name>
         <load_address>0xb138</load_address>
         <run_address>0xb138</run_address>
         <size>0x39</size>
         <input_file_ref idref="fl-d"/>
      </object_component>
      <object_component id="oc-196">
         <name>.const:.string:html_ssid_prefix</name>
         <load_address>0xb172</load_address>
         <run_address>0xb172</run_address>
         <size>0x35</size>
         <input_file_ref idref="fl-d"/>
      </object_component>
      <object_component id="oc-19f">
         <name>.const:.string:html_host_ip_prefix</name>
         <load_address>0xb1a8</load_address>
         <run_address>0xb1a8</run_address>
         <size>0x32</size>
         <input_file_ref idref="fl-d"/>
      </object_component>
      <object_component id="oc-1a6">
         <name>.const:.string:html_footer</name>
         <load_address>0xb1da</load_address>
         <run_address>0xb1da</run_address>
         <size>0x1e</size>
         <input_file_ref idref="fl-d"/>
      </object_component>
      <object_component id="oc-1a1">
         <name>.const:.string:html_host_ip_form</name>
         <load_address>0xb1f8</load_address>
         <run_address>0xb1f8</run_address>
         <size>0x1c</size>
         <input_file_ref idref="fl-d"/>
      </object_component>
      <object_component id="oc-19c">
         <name>.const:.string:html_pass_form</name>
         <load_address>0xb214</load_address>
[...]
      </symbol>
      <symbol id="sm-89d">
         <name>turn_on</name>
         <value>0x9dce</value>
         <object_component_ref idref="oc-161"/>
      </symbol>
      <symbol id="sm-89e">
         <name>init_leds</name>
         <value>0x98a6</value>
         <object_component_ref idref="oc-114"/>
      </symbol>
      <symbol id="sm-89f">
         <name>blink_slow_alternating</name>
         <value>0x9bc8</value>
         <object_component_ref idref="oc-162"/>
      </symbol>
      <symbol id="sm-8a0">
         <name>led_state</name>
         <value>0x3fa6</value>
         <object_component_ref idref="oc-86"/>
      </symbol>
      <symbol id="sm-909">
         <name>html_header_01</name>
         <value>0xaec2</value>
         <object_component_ref idref="oc-189"/>
      </symbol>
      <symbol id="sm-90a">
         <name>html_header_03</name>
         <value>0xb01c</value>
         <object_component_ref idref="oc-18c"/>
      </symbol>
      <symbol id="sm-90b">
         <name>html_header_02</name>
         <value>0xae38</value>
         <object_component_ref idref="oc-18b"/>
      </symbol>
      <symbol id="sm-90c">
         <name>html_pass_suffix</name>
         <value>0xb290</value>
         <object_component_ref idref="oc-19e"/>
      </symbol>
      <symbol id="sm-90d">
         <name>html_host_ip_suffix</name>
         <value>0xb278</value>
         <object_component_ref idref="oc-1a4"/>
      </symbol>
      <symbol id="sm-90e">
         <name>html_GET</name>
         <value>0x7eae</value>
         <object_component_ref idref="oc-183"/>
      </symbol>
      <symbol id="sm-90f">
         <name>html_number_of_slaves_prefix</name>
         <value>0xb084</value>
         <object_component_ref idref="oc-193"/>
      </symbol>
      <symbol id="sm-910">
         <name>http_header</name>
         <value>0xb0e4</value>
         <object_component_ref idref="oc-187"/>
      </symbol>
      <symbol id="sm-911">
         <name>html_buffer</name>
         <value>0x339c</value>
         <object_component_ref idref="oc-8b"/>
      </symbol>
      <symbol id="sm-912">
         <name>html_footer</name>
         <value>0xb1da</value>
         <object_component_ref idref="oc-1a6"/>
      </symbol>
      <symbol id="sm-913">
         <name>parse_http_request</name>
         <value>0x63fc</value>
         <object_component_ref idref="oc-17a"/>
      </symbol>
      <symbol id="sm-914">
         <name>html_ssid_prefix</name>
         <value>0xb172</value>
         <object_component_ref idref="oc-196"/>
      </symbol>
      <symbol id="sm-915">
         <name>html_pass_form</name>
         <value>0xb214</value>
         <object_component_ref idref="oc-19c"/>
      </symbol>
      <symbol id="sm-916">
         <name>html_ssid_form</name>
         <value>0xb230</value>
         <object_component_ref idref="oc-197"/>
      </symbol>
      <symbol id="sm-917">
         <name>html_ssid_suffix</name>
         <value>0xb29c</value>
         <object_component_ref idref="oc-19a"/>
      </symbol>
      <symbol id="sm-918">
         <name>html_input_error</name>
         <value>0xb266</value>
         <object_component_ref idref="oc-198"/>
      </symbol>
      <symbol id="sm-919">
         <name>html_pass_prefix</name>
         <value>0xb138</value>
         <object_component_ref idref="oc-19b"/>
      </symbol>
      <symbol id="sm-91a">
         <name>html_number_of_slaves_suffix</name>
         <value>0xb284</value>
         <object_component_ref idref="oc-195"/>
      </symbol>
      <symbol id="sm-91b">
         <name>temp_varchar</name>
         <value>0x397e</value>
         <object_component_ref idref="oc-8b"/>
      </symbol>
      <symbol id="sm-91c">
         <name>html_submit_button</name>
         <value>0xada0</value>
         <object_component_ref idref="oc-1a5"/>
      </symbol>
      <symbol id="sm-91d">
         <name>html_number_of_slaves_field</name>
         <value>0x3394</value>
         <object_component_ref idref="oc-8b"/>
      </symbol>
      <symbol id="sm-91e">
         <name>html_send</name>
         <value>0x971a</value>
         <object_component_ref idref="oc-1a7"/>
      </symbol>
      <symbol id="sm-91f">
         <name>html_host_ip_form</name>
         <value>0xb1f8</value>
         <object_component_ref idref="oc-1a1"/>
      </symbol>
      <symbol id="sm-920">
         <name>http_header_length</name>
         <value>0x397c</value>
         <object_component_ref idref="oc-8b"/>
      </symbol>
      <symbol id="sm-921">
         <name>html_write_ptr</name>
         <value>0x3978</value>
         <object_component_ref idref="oc-8b"/>
      </symbol>
      <symbol id="sm-922">
         <name>html_host_ip_prefix</name>
         <value>0xb1a8</value>
         <object_component_ref idref="oc-19f"/>
      </symbol>
      <symbol id="sm-923">
         <name>html_page_length</name>
         <value>0x397a</value>
         <object_component_ref idref="oc-8b"/>
      </symbol>
      <symbol id="sm-924">
         <name>http_write</name>
         <value>0x9068</value>
         <object_component_ref idref="oc-188"/>
      </symbol>
      <symbol id="sm-925">
         <name>html_instructions_01</name>
         <value>0xaf3c</value>
         <object_component_ref idref="oc-191"/>
      </symbol>
      <symbol id="sm-926">
         <name>html_instructions_02</name>
         <value>0xafac</value>
         <object_component_ref idref="oc-190"/>
      </symbol>
      <symbol id="sm-927">
         <name>html_reset</name>
         <value>0x9b8a</value>
         <object_component_ref idref="oc-186"/>
      </symbol>
      <symbol id="sm-928">
         <name>html_write</name>
         <value>0x9038</value>
         <object_component_ref idref="oc-18a"/>
      </symbol>
      <symbol id="sm-945">
         <name>SetVCore</name>
         <value>0x8b54</value>
         <object_component_ref idref="oc-144"/>
      </symbol>
      <symbol id="sm-946">
         <name>SetVCoreDown</name>
         <value>0x814c</value>
         <object_component_ref idref="oc-16e"/>
      </symbol>
      <symbol id="sm-947">
         <name>SetVCoreUp</name>
         <value>0x7bb8</value>
         <object_component_ref idref="oc-16d"/>
      </symbol>
      <symbol id="sm-972">
         <name>action_delete_list</name>
         <value>0x93fa</value>
         <object_component_ref idref="oc-1f1"/>
      </symbol>
      <symbol id="sm-973">
         <name>new_action</name>
         <value>0x9738</value>
         <object_component_ref idref="oc-1d5"/>
      </symbol>
      <symbol id="sm-974">
         <name>action_append_action</name>
         <value>0x94f8</value>
         <object_component_ref idref="oc-1ec"/>
      </symbol>
      <symbol id="sm-975">
         <name>action_set_func</name>
         <value>0x9926</value>
         <object_component_ref idref="oc-1d7"/>
      </symbol>
      <symbol id="sm-976">
         <name>do_actions</name>
         <value>0x97e8</value>
         <object_component_ref idref="oc-17f"/>
      </symbol>
      <symbol id="sm-977">
         <name>action_delete</name>
         <value>0x91b0</value>
         <object_component_ref idref="oc-1cd"/>
      </symbol>
      <symbol id="sm-978">
         <name>action_set_args</name>
         <value>0x990e</value>
         <object_component_ref idref="oc-1d8"/>
      </symbol>
      <symbol id="sm-9a7">
         <name>read_number_from_string</name>
         <value>0x8d44</value>
         <object_component_ref idref="oc-1a8"/>
      </symbol>
      <symbol id="sm-9a8">
         <name>write_2_bytes_to_string</name>
         <value>0x9c96</value>
         <object_component_ref idref="oc-14d"/>
      </symbol>
      <symbol id="sm-9a9">
         <name>string_starts_with</name>
         <value>0x9182</value>
         <object_component_ref idref="oc-173"/>
      </symbol>
      <symbol id="sm-9aa">
         <name>number_of_characters_in_string</name>
         <value>0x9a42</value>
         <object_component_ref idref="oc-185"/>
      </symbol>
      <symbol id="sm-9ab">
         <name>write_int_to_string</name>
         <value>0x7ae8</value>
         <object_component_ref idref="oc-194"/>
      </symbol>
      <symbol id="sm-9ac">
         <name>is_valid_string</name>
         <value>0x8d7e</value>
         <object_component_ref idref="oc-184"/>
      </symbol>
      <symbol id="sm-9ad">
         <name>multiply</name>
         <value>0x9a2c</value>
         <object_component_ref idref="oc-1c0"/>
      </symbol>
      <symbol id="sm-9d4">
         <name>detect_audio_use</name>
         <value>0x7e02</value>
         <object_component_ref idref="oc-1d6"/>
      </symbol>
      <symbol id="sm-9d5">
         <name>swap_enabled_audio_sensor</name>
         <value>0x8fa2</value>
         <object_component_ref idref="oc-1d9"/>
      </symbol>
      <symbol id="sm-9d6">
         <name>audio_cool_down_counter</name>
         <value>0x3fb3</value>
         <object_component_ref idref="oc-9e"/>
      </symbol>
      <symbol id="sm-9d7">
         <name>create_audio_sensor</name>
         <value>0x6fc6</value>
         <object_component_ref idref="oc-1af"/>
      </symbol>
      <symbol id="sm-9d8">
         <name>delete_audio_sensor</name>
         <value>0x9a84</value>
         <object_component_ref idref="oc-1d1"/>
      </symbol>
      <symbol id="sm-9d9">
         <name>enable_audio_sensor</name>
         <value>0x993e</value>
         <object_component_ref idref="oc-1d2"/>
      </symbol>
      <symbol id="sm-9da">
         <name>init_audio_sensor</name>
         <value>0x9aac</value>
         <object_component_ref idref="oc-110"/>
      </symbol>
      <symbol id="sm-9db">
         <name>disable_audio_sensor</name>
         <value>0x9a98</value>
         <object_component_ref idref="oc-1d3"/>
      </symbol>
      <symbol id="sm-9dc">
         <name>audio_sensor_lofi</name>
         <value>0x3fae</value>
         <object_component_ref idref="oc-9e"/>
      </symbol>
      <symbol id="sm-9dd">
         <name>audio_sensor_hifi</name>
         <value>0x3fb0</value>
         <object_component_ref idref="oc-9e"/>
      </symbol>
      <symbol id="sm-9de">
         <name>audio_sensor_is_hifi</name>
         <value>0x3fb2</value>
         <object_component_ref idref="oc-9e"/>
      </symbol>
      <symbol id="sm-9e6">
         <name>L_ASR_12</name>
         <value>0x8c60</value>
         <object_component_ref idref="oc-1fe"/>
      </symbol>
      <symbol id="sm-9e7">
         <name>L_ASR_13</name>
         <value>0x8c5c</value>
         <object_component_ref idref="oc-1fe"/>
      </symbol>
      <symbol id="sm-9e8">
         <name>L_ASR_10</name>
         <value>0x8c68</value>
         <object_component_ref idref="oc-1fe"/>
      </symbol>
      <symbol id="sm-9e9">
         <name>L_ASR_11</name>
         <value>0x8c64</value>
         <object_component_ref idref="oc-1fe"/>
      </symbol>
      <symbol id="sm-9ea">
         <name>L_ASR_14</name>
         <value>0x8c58</value>
         <object_component_ref idref="oc-1fe"/>
      </symbol>
      <symbol id="sm-9eb">
         <name>L_ASR_15</name>
         <value>0x8c54</value>
         <object_component_ref idref="oc-1fe"/>
      </symbol>
      <symbol id="sm-9ec">
         <name>L_ASR_3</name>
         <value>0x8c84</value>
         <object_component_ref idref="oc-1fe"/>
      </symbol>
      <symbol id="sm-9ed">
         <name>L_ASR_2</name>
         <value>0x8c88</value>
         <object_component_ref idref="oc-1fe"/>
      </symbol>
      <symbol id="sm-9ee">
         <name>L_ASR_1</name>
         <value>0x8c8c</value>
         <object_component_ref idref="oc-1fe"/>
      </symbol>
      <symbol id="sm-9ef">
         <name>L_ASR_7</name>
         <value>0x8c74</value>
         <object_component_ref idref="oc-1fe"/>
      </symbol>
      <symbol id="sm-9f0">
         <name>L_ASR_6</name>
         <value>0x8c78</value>
         <object_component_ref idref="oc-1fe"/>
      </symbol>
      <symbol id="sm-9f1">
         <name>L_ASR_5</name>
         <value>0x8c7c</value>
         <object_component_ref idref="oc-1fe"/>
      </symbol>
      <symbol id="sm-9f2">
         <name>L_ASR_4</name>
         <value>0x8c80</value>
         <object_component_ref idref="oc-1fe"/>
      </symbol>
      <symbol id="sm-9f3">
         <name>L_ASR_9</name>
         <value>0x8c6c</value>
         <object_component_ref idref="oc-1fe"/>
      </symbol>
      <symbol id="sm-9f4">
         <name>L_ASR_8</name>
         <value>0x8c70</value>
         <object_component_ref idref="oc-1fe"/>
      </symbol>
      <symbol id="sm-a05">
         <name>_c_int00_noexit</name>
         <value>0x5cee</value>
         <object_component_ref idref="oc-4f"/>
      </symbol>
      <symbol id="sm-a06">
         <name>_c_int00</name>
         <value>0x5cee</value>
         <object_component_ref idref="oc-4f"/>
      </symbol>
      <symbol id="sm-a07">
         <name>_stack</name>
         <value>0x5900</value>
         <object_component_ref idref="oc-a8"/>
      </symbol>
      <symbol id="sm-a08">
         <name>__TI_dtors_ptr</name>
         <value>0x3f9a</value>
         <object_component_ref idref="oc-a6"/>
      </symbol>
      <symbol id="sm-a09">
         <name>__TI_cleanup_ptr</name>
         <value>0x3f96</value>
         <object_component_ref idref="oc-a6"/>
      </symbol>
      <symbol id="sm-a0a">
         <name>_reset_vector</name>
         <value>0xfffe</value>
         <object_component_ref idref="oc-a9"/>
      </symbol>
      <symbol id="sm-a30">
         <name>__remi</name>
         <value>0x9234</value>
         <object_component_ref idref="oc-bc"/>
      </symbol>
      <symbol id="sm-a31">
         <name>__divi</name>
         <value>0x9234</value>
         <object_component_ref idref="oc-bc"/>
      </symbol>
      <symbol id="sm-a3b">
         <name>__remu</name>
         <value>0x9a58</value>
         <object_component_ref idref="oc-c0"/>
      </symbol>
      <symbol id="sm-a3c">
         <name>__divu</name>
         <value>0x9a58</value>
         <object_component_ref idref="oc-c0"/>
      </symbol>
      <symbol id="sm-a48">
         <name>__remli</name>
         <value>0x8bd4</value>
         <object_component_ref idref="oc-c4"/>
      </symbol>
      <symbol id="sm-a49">
         <name>__divli</name>
         <value>0x8bd4</value>
         <object_component_ref idref="oc-c4"/>
      </symbol>
      <symbol id="sm-a57">
         <name>__divul</name>
         <value>0x8618</value>
         <object_component_ref idref="oc-c8"/>
      </symbol>
      <symbol id="sm-a58">
         <name>__remul</name>
         <value>0x8618</value>
         <object_component_ref idref="oc-c8"/>
      </symbol>
      <symbol id="sm-a63">
         <name>C$$EXIT</name>
         <value>0x9dd8</value>
         <object_component_ref idref="oc-107"/>
      </symbol>
      <symbol id="sm-a64">
         <name>abort</name>
         <value>0x9dd8</value>
         <object_component_ref idref="oc-107"/>
      </symbol>
      <symbol id="sm-a65">
         <name>__TI_exit</name>
         <value>0x1</value>
      </symbol>
      <symbol id="sm-a6d">
         <name>L_LSR_12</name>
         <value>0x8c9e</value>
         <object_component_ref idref="oc-1f3"/>
      </symbol>
      <symbol id="sm-a6e">
         <name>L_LSR_13</name>
         <value>0x8c9a</value>
         <object_component_ref idref="oc-1f3"/>
      </symbol>
      <symbol id="sm-a6f">
         <name>L_LSR_10</name>
         <value>0x8ca6</value>
         <object_component_ref idref="oc-1f3"/>
      </symbol>
      <symbol id="sm-a70">
         <name>L_LSR_11</name>
         <value>0x8ca2</value>
         <object_component_ref idref="oc-1f3"/>
      </symbol>
      <symbol id="sm-a71">
         <name>L_LSR_14</name>
         <value>0x8c96</value>
         <object_component_ref idref="oc-1f3"/>
      </symbol>
      <symbol id="sm-a72">
         <name>L_LSR_15</name>
         <value>0x8c92</value>
         <object_component_ref idref="oc-1f3"/>
      </symbol>
      <symbol id="sm-a73">
         <name>L_LSR_3</name>
         <value>0x8cc2</value>
         <object_component_ref idref="oc-1f3"/>
      </symbol>
      <symbol id="sm-a74">
         <name>L_LSR_2</name>
         <value>0x8cc6</value>
         <object_component_ref idref="oc-1f3"/>
      </symbol>
      <symbol id="sm-a75">
         <name>L_LSR_1</name>
         <value>0x8cca</value>
         <object_component_ref idref="oc-1f3"/>
      </symbol>
      <symbol id="sm-a76">
         <name>L_LSR_7</name>
         <value>0x8cb2</value>
         <object_component_ref idref="oc-1f3"/>
      </symbol>
      <symbol id="sm-a77">
         <name>L_LSR_6</name>
         <value>0x8cb6</value>
         <object_component_ref idref="oc-1f3"/>
      </symbol>
      <symbol id="sm-a78">
         <name>L_LSR_5</name>
         <value>0x8cba</value>
         <object_component_ref idref="oc-1f3"/>
      </symbol>
      <symbol id="sm-a79">
         <name>L_LSR_4</name>
         <value>0x8cbe</value>
         <object_component_ref idref="oc-1f3"/>
      </symbol>
      <symbol id="sm-a7a">
         <name>L_LSR_9</name>
         <value>0x8caa</value>
         <object_component_ref idref="oc-1f3"/>
      </symbol>
      <symbol id="sm-a7b">
         <name>L_LSR_8</name>
         <value>0x8cae</value>
         <object_component_ref idref="oc-1f3"/>
      </symbol>
      <symbol id="sm-a87">
         <name>memcpy</name>
         <value>0x9b44</value>
         <object_component_ref idref="oc-10c"/>
      </symbol>
      <symbol id="sm-ab8">
         <name>_sys_memory</name>
         <value>0x3fc0</value>
         <object_component_ref idref="oc-da"/>
      </symbol>
      <symbol id="sm-ab9">
         <name>free</name>
         <value>0x8318</value>
         <object_component_ref idref="oc-180"/>
      </symbol>
      <symbol id="sm-aba">
         <name>malloc</name>
         <value>0x8004</value>
         <object_component_ref idref="oc-146"/>
      </symbol>
      <symbol id="sm-abb">
         <name>minit</name>
         <value>0x8db6</value>
         <object_component_ref idref="oc-16f"/>
      </symbol>
      <symbol id="sm-ac3">
         <name>__mpyi_f5hw</name>
         <value>0x9a6e</value>
         <object_component_ref idref="oc-de"/>
      </symbol>
      <symbol id="sm-acb">
         <name>__mpyl_f5hw</name>
         <value>0x953c</value>
         <object_component_ref idref="oc-e2"/>
      </symbol>
      <symbol id="sm-ad5">
         <name>_system_pre_init</name>
         <value>0x9dd4</value>
         <object_component_ref idref="oc-104"/>
      </symbol>
      <symbol id="sm-ae2">
         <name>strchr</name>
         <value>0x99ce</value>
         <object_component_ref idref="oc-172"/>
      </symbol>
      <symbol id="sm-aee">
         <name>strcmp</name>
         <value>0x99e6</value>
         <object_component_ref idref="oc-171"/>
      </symbol>
      <symbol id="sm-af9">
         <name>strlen</name>
         <value>0x9c70</value>
         <object_component_ref idref="oc-156"/>
      </symbol>
      <symbol id="sm-b05">
         <name>_nop</name>
         <value>0x9de0</value>
         <object_component_ref idref="oc-103"/>
      </symbol>
      <symbol id="sm-b06">
         <name>_lock</name>
         <value>0x3f8e</value>
         <object_component_ref idref="oc-f6"/>
      </symbol>
      <symbol id="sm-b07">
         <name>_unlock</name>
         <value>0x3f92</value>
         <object_component_ref idref="oc-f6"/>
      </symbol>
      <symbol id="sm-b0f">
         <name>__TI_args_main</name>
         <value>0x1</value>
      </symbol>
      <symbol id="sm-b1f">
         <name>_auto_init</name>
         <value>0x8a3c</value>
         <object_component_ref idref="oc-105"/>
      </symbol>
      <symbol id="sm-b20">
         <name>__TI_auto_init</name>
         <value>0x1</value>
      </symbol>
   </symbol_table>
   <title>Link successful</title>
</link_info>
